ERROR - 2026-09-28 00:03:51 --> Error connecting to the database: mysqli_sql_exception: Unknown database 'bd_ciudadanos' in C:\xampp\htdocs\ci4_ciudadanos\system\Database\MySQLi\Connection.php:201
Stack trace:
#0 C:\xampp\htdocs\ci4_ciudadanos\system\Database\MySQLi\Connection.php(201): mysqli->real_connect('localhost', 'root', Object(SensitiveParameterValue), 'bd_ciudadanos', 3306, '', 0)
#1 C:\xampp\htdocs\ci4_ciudadanos\system\Database\BaseConnection.php(555): CodeIgniter\Database\MySQLi\Connection->connect(false)
#2 C:\xampp\htdocs\ci4_ciudadanos\system\Database\BaseConnection.php(795): CodeIgniter\Database\BaseConnection->initialize()
#3 C:\xampp\htdocs\ci4_ciudadanos\system\Database\BaseBuilder.php(1659): CodeIgniter\Database\BaseConnection->query('SELECT *\nFROM `...', Array, false)
#4 C:\xampp\htdocs\ci4_ciudadanos\system\Model.php(255): CodeIgniter\Database\BaseBuilder->get()
#5 C:\xampp\htdocs\ci4_ciudadanos\system\BaseModel.php(676): CodeIgniter\Model->doFindAll(0, 0)
#6 C:\xampp\htdocs\ci4_ciudadanos\app\Controllers\RegionesController.php(11): CodeIgniter\BaseModel->findAll()
#7 C:\xampp\htdocs\ci4_ciudadanos\system\CodeIgniter.php(974): App\Controllers\RegionesController->index()
#8 C:\xampp\htdocs\ci4_ciudadanos\system\CodeIgniter.php(520): CodeIgniter\CodeIgniter->runController(Object(App\Controllers\RegionesController))
#9 C:\xampp\htdocs\ci4_ciudadanos\system\CodeIgniter.php(363): CodeIgniter\CodeIgniter->handleRequest(NULL, Object(Config\Cache), false)
#10 C:\xampp\htdocs\ci4_ciudadanos\system\Boot.php(417): CodeIgniter\CodeIgniter->run()
#11 C:\xampp\htdocs\ci4_ciudadanos\system\Boot.php(68): CodeIgniter\Boot::runCodeIgniter(Object(CodeIgniter\CodeIgniter))
#12 C:\xampp\htdocs\ci4_ciudadanos\public\index.php(59): CodeIgniter\Boot::bootWeb(Object(Config\Paths))
#13 {main}

Next CodeIgniter\Database\Exceptions\DatabaseException: Unknown database 'bd_ciudadanos' in C:\xampp\htdocs\ci4_ciudadanos\system\Database\MySQLi\Connection.php:231
Stack trace:
#0 C:\xampp\htdocs\ci4_ciudadanos\system\Database\BaseConnection.php(555): CodeIgniter\Database\MySQLi\Connection->connect(false)
#1 C:\xampp\htdocs\ci4_ciudadanos\system\Database\BaseConnection.php(795): CodeIgniter\Database\BaseConnection->initialize()
#2 C:\xampp\htdocs\ci4_ciudadanos\system\Database\BaseBuilder.php(1659): CodeIgniter\Database\BaseConnection->query('SELECT *\nFROM `...', Array, false)
#3 C:\xampp\htdocs\ci4_ciudadanos\system\Model.php(255): CodeIgniter\Database\BaseBuilder->get()
#4 C:\xampp\htdocs\ci4_ciudadanos\system\BaseModel.php(676): CodeIgniter\Model->doFindAll(0, 0)
#5 C:\xampp\htdocs\ci4_ciudadanos\app\Controllers\RegionesController.php(11): CodeIgniter\BaseModel->findAll()
#6 C:\xampp\htdocs\ci4_ciudadanos\system\CodeIgniter.php(974): App\Controllers\RegionesController->index()
#7 C:\xampp\htdocs\ci4_ciudadanos\system\CodeIgniter.php(520): CodeIgniter\CodeIgniter->runController(Object(App\Controllers\RegionesController))
#8 C:\xampp\htdocs\ci4_ciudadanos\system\CodeIgniter.php(363): CodeIgniter\CodeIgniter->handleRequest(NULL, Object(Config\Cache), false)
#9 C:\xampp\htdocs\ci4_ciudadanos\system\Boot.php(417): CodeIgniter\CodeIgniter->run()
#10 C:\xampp\htdocs\ci4_ciudadanos\system\Boot.php(68): CodeIgniter\Boot::runCodeIgniter(Object(CodeIgniter\CodeIgniter))
#11 C:\xampp\htdocs\ci4_ciudadanos\public\index.php(59): CodeIgniter\Boot::bootWeb(Object(Config\Paths))
#12 {main}
CRITICAL - 2026-09-28 00:03:51 --> CodeIgniter\Database\Exceptions\DatabaseException: Unable to connect to the database.
Main connection [MySQLi]: Unknown database 'bd_ciudadanos'
[Method: GET, Route: regiones]
in SYSTEMPATH\Database\BaseConnection.php on line 606.
 1 SYSTEMPATH\Database\BaseConnection.php(795): CodeIgniter\Database\BaseConnection->initialize()
 2 SYSTEMPATH\Database\BaseBuilder.php(1659): CodeIgniter\Database\BaseConnection->query('SELECT *
FROM `regiones`', [], false)
 3 SYSTEMPATH\Model.php(255): CodeIgniter\Database\BaseBuilder->get()
 4 SYSTEMPATH\BaseModel.php(676): CodeIgniter\Model->doFindAll(0, 0)
 5 APPPATH\Controllers\RegionesController.php(11): CodeIgniter\BaseModel->findAll()
 6 SYSTEMPATH\CodeIgniter.php(974): App\Controllers\RegionesController->index()
 7 SYSTEMPATH\CodeIgniter.php(520): CodeIgniter\CodeIgniter->runController(Object(App\Controllers\RegionesController))
 8 SYSTEMPATH\CodeIgniter.php(363): CodeIgniter\CodeIgniter->handleRequest(null, Object(Config\Cache), false)
 9 SYSTEMPATH\Boot.php(417): CodeIgniter\CodeIgniter->run()
10 SYSTEMPATH\Boot.php(68): CodeIgniter\Boot::runCodeIgniter(Object(CodeIgniter\CodeIgniter))
11 FCPATH\index.php(59): CodeIgniter\Boot::bootWeb(Object(Config\Paths))
ERROR - 2026-09-28 00:21:44 --> Error connecting to the database: mysqli_sql_exception: Unknown database 'bd_ciudadanos' in C:\xampp\htdocs\ci4_ciudadanos\system\Database\MySQLi\Connection.php:201
Stack trace:
#0 C:\xampp\htdocs\ci4_ciudadanos\system\Database\MySQLi\Connection.php(201): mysqli->real_connect('localhost', 'root', Object(SensitiveParameterValue), 'bd_ciudadanos', 3306, '', 0)
#1 C:\xampp\htdocs\ci4_ciudadanos\system\Database\BaseConnection.php(555): CodeIgniter\Database\MySQLi\Connection->connect(false)
#2 C:\xampp\htdocs\ci4_ciudadanos\system\Database\BaseConnection.php(795): CodeIgniter\Database\BaseConnection->initialize()
#3 C:\xampp\htdocs\ci4_ciudadanos\system\Database\BaseBuilder.php(1659): CodeIgniter\Database\BaseConnection->query('SELECT *\nFROM `...', Array, false)
#4 C:\xampp\htdocs\ci4_ciudadanos\system\Model.php(255): CodeIgniter\Database\BaseBuilder->get()
#5 C:\xampp\htdocs\ci4_ciudadanos\system\BaseModel.php(676): CodeIgniter\Model->doFindAll(0, 0)
#6 C:\xampp\htdocs\ci4_ciudadanos\app\Controllers\CiudadanosController.php(19): CodeIgniter\BaseModel->findAll()
#7 C:\xampp\htdocs\ci4_ciudadanos\system\CodeIgniter.php(974): App\Controllers\CiudadanosController->index()
#8 C:\xampp\htdocs\ci4_ciudadanos\system\CodeIgniter.php(520): CodeIgniter\CodeIgniter->runController(Object(App\Controllers\CiudadanosController))
#9 C:\xampp\htdocs\ci4_ciudadanos\system\CodeIgniter.php(363): CodeIgniter\CodeIgniter->handleRequest(NULL, Object(Config\Cache), false)
#10 C:\xampp\htdocs\ci4_ciudadanos\system\Boot.php(417): CodeIgniter\CodeIgniter->run()
#11 C:\xampp\htdocs\ci4_ciudadanos\system\Boot.php(68): CodeIgniter\Boot::runCodeIgniter(Object(CodeIgniter\CodeIgniter))
#12 C:\xampp\htdocs\ci4_ciudadanos\public\index.php(59): CodeIgniter\Boot::bootWeb(Object(Config\Paths))
#13 {main}

Next CodeIgniter\Database\Exceptions\DatabaseException: Unknown database 'bd_ciudadanos' in C:\xampp\htdocs\ci4_ciudadanos\system\Database\MySQLi\Connection.php:231
Stack trace:
#0 C:\xampp\htdocs\ci4_ciudadanos\system\Database\BaseConnection.php(555): CodeIgniter\Database\MySQLi\Connection->connect(false)
#1 C:\xampp\htdocs\ci4_ciudadanos\system\Database\BaseConnection.php(795): CodeIgniter\Database\BaseConnection->initialize()
#2 C:\xampp\htdocs\ci4_ciudadanos\system\Database\BaseBuilder.php(1659): CodeIgniter\Database\BaseConnection->query('SELECT *\nFROM `...', Array, false)
#3 C:\xampp\htdocs\ci4_ciudadanos\system\Model.php(255): CodeIgniter\Database\BaseBuilder->get()
#4 C:\xampp\htdocs\ci4_ciudadanos\system\BaseModel.php(676): CodeIgniter\Model->doFindAll(0, 0)
#5 C:\xampp\htdocs\ci4_ciudadanos\app\Controllers\CiudadanosController.php(19): CodeIgniter\BaseModel->findAll()
#6 C:\xampp\htdocs\ci4_ciudadanos\system\CodeIgniter.php(974): App\Controllers\CiudadanosController->index()
#7 C:\xampp\htdocs\ci4_ciudadanos\system\CodeIgniter.php(520): CodeIgniter\CodeIgniter->runController(Object(App\Controllers\CiudadanosController))
#8 C:\xampp\htdocs\ci4_ciudadanos\system\CodeIgniter.php(363): CodeIgniter\CodeIgniter->handleRequest(NULL, Object(Config\Cache), false)
#9 C:\xampp\htdocs\ci4_ciudadanos\system\Boot.php(417): CodeIgniter\CodeIgniter->run()
#10 C:\xampp\htdocs\ci4_ciudadanos\system\Boot.php(68): CodeIgniter\Boot::runCodeIgniter(Object(CodeIgniter\CodeIgniter))
#11 C:\xampp\htdocs\ci4_ciudadanos\public\index.php(59): CodeIgniter\Boot::bootWeb(Object(Config\Paths))
#12 {main}
CRITICAL - 2026-09-28 00:21:44 --> CodeIgniter\Database\Exceptions\DatabaseException: Unable to connect to the database.
Main connection [MySQLi]: Unknown database 'bd_ciudadanos'
[Method: GET, Route: ciudadanos]
in SYSTEMPATH\Database\BaseConnection.php on line 606.
 1 SYSTEMPATH\Database\BaseConnection.php(795): CodeIgniter\Database\BaseConnection->initialize()
 2 SYSTEMPATH\Database\BaseBuilder.php(1659): CodeIgniter\Database\BaseConnection->query('SELECT *
FROM `ciudadanos`', [], false)
 3 SYSTEMPATH\Model.php(255): CodeIgniter\Database\BaseBuilder->get()
 4 SYSTEMPATH\BaseModel.php(676): CodeIgniter\Model->doFindAll(0, 0)
 5 APPPATH\Controllers\CiudadanosController.php(19): CodeIgniter\BaseModel->findAll()
 6 SYSTEMPATH\CodeIgniter.php(974): App\Controllers\CiudadanosController->index()
 7 SYSTEMPATH\CodeIgniter.php(520): CodeIgniter\CodeIgniter->runController(Object(App\Controllers\CiudadanosController))
 8 SYSTEMPATH\CodeIgniter.php(363): CodeIgniter\CodeIgniter->handleRequest(null, Object(Config\Cache), false)
 9 SYSTEMPATH\Boot.php(417): CodeIgniter\CodeIgniter->run()
10 SYSTEMPATH\Boot.php(68): CodeIgniter\Boot::runCodeIgniter(Object(CodeIgniter\CodeIgniter))
11 FCPATH\index.php(59): CodeIgniter\Boot::bootWeb(Object(Config\Paths))
ERROR - 2026-09-28 00:21:58 --> Error connecting to the database: mysqli_sql_exception: Unknown database 'bd_ciudadanos' in C:\xampp\htdocs\ci4_ciudadanos\system\Database\MySQLi\Connection.php:201
Stack trace:
#0 C:\xampp\htdocs\ci4_ciudadanos\system\Database\MySQLi\Connection.php(201): mysqli->real_connect('localhost', 'root', Object(SensitiveParameterValue), 'bd_ciudadanos', 3306, '', 0)
#1 C:\xampp\htdocs\ci4_ciudadanos\system\Database\BaseConnection.php(555): CodeIgniter\Database\MySQLi\Connection->connect(false)
#2 C:\xampp\htdocs\ci4_ciudadanos\system\Database\BaseConnection.php(795): CodeIgniter\Database\BaseConnection->initialize()
#3 C:\xampp\htdocs\ci4_ciudadanos\system\Database\BaseBuilder.php(1659): CodeIgniter\Database\BaseConnection->query('SELECT *\nFROM `...', Array, false)
#4 C:\xampp\htdocs\ci4_ciudadanos\system\Model.php(255): CodeIgniter\Database\BaseBuilder->get()
#5 C:\xampp\htdocs\ci4_ciudadanos\system\BaseModel.php(676): CodeIgniter\Model->doFindAll(0, 0)
#6 C:\xampp\htdocs\ci4_ciudadanos\app\Controllers\RegionesController.php(11): CodeIgniter\BaseModel->findAll()
#7 C:\xampp\htdocs\ci4_ciudadanos\system\CodeIgniter.php(974): App\Controllers\RegionesController->index()
#8 C:\xampp\htdocs\ci4_ciudadanos\system\CodeIgniter.php(520): CodeIgniter\CodeIgniter->runController(Object(App\Controllers\RegionesController))
#9 C:\xampp\htdocs\ci4_ciudadanos\system\CodeIgniter.php(363): CodeIgniter\CodeIgniter->handleRequest(NULL, Object(Config\Cache), false)
#10 C:\xampp\htdocs\ci4_ciudadanos\system\Boot.php(417): CodeIgniter\CodeIgniter->run()
#11 C:\xampp\htdocs\ci4_ciudadanos\system\Boot.php(68): CodeIgniter\Boot::runCodeIgniter(Object(CodeIgniter\CodeIgniter))
#12 C:\xampp\htdocs\ci4_ciudadanos\public\index.php(59): CodeIgniter\Boot::bootWeb(Object(Config\Paths))
#13 {main}

Next CodeIgniter\Database\Exceptions\DatabaseException: Unknown database 'bd_ciudadanos' in C:\xampp\htdocs\ci4_ciudadanos\system\Database\MySQLi\Connection.php:231
Stack trace:
#0 C:\xampp\htdocs\ci4_ciudadanos\system\Database\BaseConnection.php(555): CodeIgniter\Database\MySQLi\Connection->connect(false)
#1 C:\xampp\htdocs\ci4_ciudadanos\system\Database\BaseConnection.php(795): CodeIgniter\Database\BaseConnection->initialize()
#2 C:\xampp\htdocs\ci4_ciudadanos\system\Database\BaseBuilder.php(1659): CodeIgniter\Database\BaseConnection->query('SELECT *\nFROM `...', Array, false)
#3 C:\xampp\htdocs\ci4_ciudadanos\system\Model.php(255): CodeIgniter\Database\BaseBuilder->get()
#4 C:\xampp\htdocs\ci4_ciudadanos\system\BaseModel.php(676): CodeIgniter\Model->doFindAll(0, 0)
#5 C:\xampp\htdocs\ci4_ciudadanos\app\Controllers\RegionesController.php(11): CodeIgniter\BaseModel->findAll()
#6 C:\xampp\htdocs\ci4_ciudadanos\system\CodeIgniter.php(974): App\Controllers\RegionesController->index()
#7 C:\xampp\htdocs\ci4_ciudadanos\system\CodeIgniter.php(520): CodeIgniter\CodeIgniter->runController(Object(App\Controllers\RegionesController))
#8 C:\xampp\htdocs\ci4_ciudadanos\system\CodeIgniter.php(363): CodeIgniter\CodeIgniter->handleRequest(NULL, Object(Config\Cache), false)
#9 C:\xampp\htdocs\ci4_ciudadanos\system\Boot.php(417): CodeIgniter\CodeIgniter->run()
#10 C:\xampp\htdocs\ci4_ciudadanos\system\Boot.php(68): CodeIgniter\Boot::runCodeIgniter(Object(CodeIgniter\CodeIgniter))
#11 C:\xampp\htdocs\ci4_ciudadanos\public\index.php(59): CodeIgniter\Boot::bootWeb(Object(Config\Paths))
#12 {main}
CRITICAL - 2026-09-28 00:21:58 --> CodeIgniter\Database\Exceptions\DatabaseException: Unable to connect to the database.
Main connection [MySQLi]: Unknown database 'bd_ciudadanos'
[Method: GET, Route: regiones]
in SYSTEMPATH\Database\BaseConnection.php on line 606.
 1 SYSTEMPATH\Database\BaseConnection.php(795): CodeIgniter\Database\BaseConnection->initialize()
 2 SYSTEMPATH\Database\BaseBuilder.php(1659): CodeIgniter\Database\BaseConnection->query('SELECT *
FROM `regiones`', [], false)
 3 SYSTEMPATH\Model.php(255): CodeIgniter\Database\BaseBuilder->get()
 4 SYSTEMPATH\BaseModel.php(676): CodeIgniter\Model->doFindAll(0, 0)
 5 APPPATH\Controllers\RegionesController.php(11): CodeIgniter\BaseModel->findAll()
 6 SYSTEMPATH\CodeIgniter.php(974): App\Controllers\RegionesController->index()
 7 SYSTEMPATH\CodeIgniter.php(520): CodeIgniter\CodeIgniter->runController(Object(App\Controllers\RegionesController))
 8 SYSTEMPATH\CodeIgniter.php(363): CodeIgniter\CodeIgniter->handleRequest(null, Object(Config\Cache), false)
 9 SYSTEMPATH\Boot.php(417): CodeIgniter\CodeIgniter->run()
10 SYSTEMPATH\Boot.php(68): CodeIgniter\Boot::runCodeIgniter(Object(CodeIgniter\CodeIgniter))
11 FCPATH\index.php(59): CodeIgniter\Boot::bootWeb(Object(Config\Paths))
CRITICAL - 2026-09-28 00:25:46 --> ErrorException: Undefined array key "id"
[Method: GET, Route: ciudadanos]
in APPPATH\Views\ciudadanos.php on line 44.
 1 APPPATH\Views\ciudadanos.php(44): CodeIgniter\Debug\Exceptions->errorHandler(2, 'Undefined array key "id"', 'C:\\xampp\\htdocs\\ci4_ciudadanos\\app\\Views\\ciudadanos.php', 44)
 2 SYSTEMPATH\View\View.php(240): include('C:\\xampp\\htdocs\\ci4_ciudadanos\\app\\Views\\ciudadanos.php')
 3 SYSTEMPATH\View\View.php(243): CodeIgniter\View\View->CodeIgniter\View\{closure}()
 4 SYSTEMPATH\Common.php(1268): CodeIgniter\View\View->render('ciudadanos', [], true)
 5 APPPATH\Controllers\CiudadanosController.php(20): view('ciudadanos', [...])
 6 SYSTEMPATH\CodeIgniter.php(974): App\Controllers\CiudadanosController->index()
 7 SYSTEMPATH\CodeIgniter.php(520): CodeIgniter\CodeIgniter->runController(Object(App\Controllers\CiudadanosController))
 8 SYSTEMPATH\CodeIgniter.php(363): CodeIgniter\CodeIgniter->handleRequest(null, Object(Config\Cache), false)
 9 SYSTEMPATH\Boot.php(417): CodeIgniter\CodeIgniter->run()
10 SYSTEMPATH\Boot.php(68): CodeIgniter\Boot::runCodeIgniter(Object(CodeIgniter\CodeIgniter))
11 FCPATH\index.php(59): CodeIgniter\Boot::bootWeb(Object(Config\Paths))
CRITICAL - 2026-09-28 00:28:46 --> ErrorException: Attempt to read property "id" on array
[Method: GET, Route: ciudadanos]
in APPPATH\Views\ciudadanos.php on line 44.
 1 APPPATH\Views\ciudadanos.php(44): CodeIgniter\Debug\Exceptions->errorHandler(2, 'Attempt to read property "id" on array', 'C:\\xampp\\htdocs\\ci4_ciudadanos\\app\\Views\\ciudadanos.php', 44)
 2 SYSTEMPATH\View\View.php(240): include('C:\\xampp\\htdocs\\ci4_ciudadanos\\app\\Views\\ciudadanos.php')
 3 SYSTEMPATH\View\View.php(243): CodeIgniter\View\View->CodeIgniter\View\{closure}()
 4 SYSTEMPATH\Common.php(1268): CodeIgniter\View\View->render('ciudadanos', [], true)
 5 APPPATH\Controllers\CiudadanosController.php(20): view('ciudadanos', [...])
 6 SYSTEMPATH\CodeIgniter.php(974): App\Controllers\CiudadanosController->index()
 7 SYSTEMPATH\CodeIgniter.php(520): CodeIgniter\CodeIgniter->runController(Object(App\Controllers\CiudadanosController))
 8 SYSTEMPATH\CodeIgniter.php(363): CodeIgniter\CodeIgniter->handleRequest(null, Object(Config\Cache), false)
 9 SYSTEMPATH\Boot.php(417): CodeIgniter\CodeIgniter->run()
10 SYSTEMPATH\Boot.php(68): CodeIgniter\Boot::runCodeIgniter(Object(CodeIgniter\CodeIgniter))
11 FCPATH\index.php(59): CodeIgniter\Boot::bootWeb(Object(Config\Paths))
CRITICAL - 2026-09-28 00:29:15 --> ErrorException: Attempt to read property "id" on array
[Method: GET, Route: ciudadanos]
in APPPATH\Views\ciudadanos.php on line 44.
 1 APPPATH\Views\ciudadanos.php(44): CodeIgniter\Debug\Exceptions->errorHandler(2, 'Attempt to read property "id" on array', 'C:\\xampp\\htdocs\\ci4_ciudadanos\\app\\Views\\ciudadanos.php', 44)
 2 SYSTEMPATH\View\View.php(240): include('C:\\xampp\\htdocs\\ci4_ciudadanos\\app\\Views\\ciudadanos.php')
 3 SYSTEMPATH\View\View.php(243): CodeIgniter\View\View->CodeIgniter\View\{closure}()
 4 SYSTEMPATH\Common.php(1268): CodeIgniter\View\View->render('ciudadanos', [], true)
 5 APPPATH\Controllers\CiudadanosController.php(20): view('ciudadanos', [...])
 6 SYSTEMPATH\CodeIgniter.php(974): App\Controllers\CiudadanosController->index()
 7 SYSTEMPATH\CodeIgniter.php(520): CodeIgniter\CodeIgniter->runController(Object(App\Controllers\CiudadanosController))
 8 SYSTEMPATH\CodeIgniter.php(363): CodeIgniter\CodeIgniter->handleRequest(null, Object(Config\Cache), false)
 9 SYSTEMPATH\Boot.php(417): CodeIgniter\CodeIgniter->run()
10 SYSTEMPATH\Boot.php(68): CodeIgniter\Boot::runCodeIgniter(Object(CodeIgniter\CodeIgniter))
11 FCPATH\index.php(59): CodeIgniter\Boot::bootWeb(Object(Config\Paths))
CRITICAL - 2026-09-28 00:31:28 --> ErrorException: Undefined property: stdClass::$id
[Method: GET, Route: ciudadanos]
in APPPATH\Views\ciudadanos.php on line 44.
 1 APPPATH\Views\ciudadanos.php(44): CodeIgniter\Debug\Exceptions->errorHandler(2, 'Undefined property: stdClass::$id', 'C:\\xampp\\htdocs\\ci4_ciudadanos\\app\\Views\\ciudadanos.php', 44)
 2 SYSTEMPATH\View\View.php(240): include('C:\\xampp\\htdocs\\ci4_ciudadanos\\app\\Views\\ciudadanos.php')
 3 SYSTEMPATH\View\View.php(243): CodeIgniter\View\View->CodeIgniter\View\{closure}()
 4 SYSTEMPATH\Common.php(1268): CodeIgniter\View\View->render('ciudadanos', [], true)
 5 APPPATH\Controllers\CiudadanosController.php(20): view('ciudadanos', [...])
 6 SYSTEMPATH\CodeIgniter.php(974): App\Controllers\CiudadanosController->index()
 7 SYSTEMPATH\CodeIgniter.php(520): CodeIgniter\CodeIgniter->runController(Object(App\Controllers\CiudadanosController))
 8 SYSTEMPATH\CodeIgniter.php(363): CodeIgniter\CodeIgniter->handleRequest(null, Object(Config\Cache), false)
 9 SYSTEMPATH\Boot.php(417): CodeIgniter\CodeIgniter->run()
10 SYSTEMPATH\Boot.php(68): CodeIgniter\Boot::runCodeIgniter(Object(CodeIgniter\CodeIgniter))
11 FCPATH\index.php(59): CodeIgniter\Boot::bootWeb(Object(Config\Paths))
CRITICAL - 2026-09-28 00:32:34 --> ErrorException: Undefined array key "id"
[Method: GET, Route: departamentos]
in APPPATH\Views\departamentos.php on line 17.
 1 APPPATH\Views\departamentos.php(17): CodeIgniter\Debug\Exceptions->errorHandler(2, 'Undefined array key "id"', 'C:\\xampp\\htdocs\\ci4_ciudadanos\\app\\Views\\departamentos.php', 17)
 2 SYSTEMPATH\View\View.php(240): include('C:\\xampp\\htdocs\\ci4_ciudadanos\\app\\Views\\departamentos.php')
 3 SYSTEMPATH\View\View.php(243): CodeIgniter\View\View->CodeIgniter\View\{closure}()
 4 SYSTEMPATH\Common.php(1268): CodeIgniter\View\View->render('departamentos', [], true)
 5 APPPATH\Controllers\DepartamentosController.php(20): view('departamentos', [...])
 6 SYSTEMPATH\CodeIgniter.php(974): App\Controllers\DepartamentosController->index()
 7 SYSTEMPATH\CodeIgniter.php(520): CodeIgniter\CodeIgniter->runController(Object(App\Controllers\DepartamentosController))
 8 SYSTEMPATH\CodeIgniter.php(363): CodeIgniter\CodeIgniter->handleRequest(null, Object(Config\Cache), false)
 9 SYSTEMPATH\Boot.php(417): CodeIgniter\CodeIgniter->run()
10 SYSTEMPATH\Boot.php(68): CodeIgniter\Boot::runCodeIgniter(Object(CodeIgniter\CodeIgniter))
11 FCPATH\index.php(59): CodeIgniter\Boot::bootWeb(Object(Config\Paths))
CRITICAL - 2026-09-28 00:34:04 --> ErrorException: Undefined array key "id"
[Method: GET, Route: ciudadanos]
in APPPATH\Views\ciudadanos.php on line 44.
 1 APPPATH\Views\ciudadanos.php(44): CodeIgniter\Debug\Exceptions->errorHandler(2, 'Undefined array key "id"', 'C:\\xampp\\htdocs\\ci4_ciudadanos\\app\\Views\\ciudadanos.php', 44)
 2 SYSTEMPATH\View\View.php(240): include('C:\\xampp\\htdocs\\ci4_ciudadanos\\app\\Views\\ciudadanos.php')
 3 SYSTEMPATH\View\View.php(243): CodeIgniter\View\View->CodeIgniter\View\{closure}()
 4 SYSTEMPATH\Common.php(1268): CodeIgniter\View\View->render('ciudadanos', [], true)
 5 APPPATH\Controllers\CiudadanosController.php(20): view('ciudadanos', [...])
 6 SYSTEMPATH\CodeIgniter.php(974): App\Controllers\CiudadanosController->index()
 7 SYSTEMPATH\CodeIgniter.php(520): CodeIgniter\CodeIgniter->runController(Object(App\Controllers\CiudadanosController))
 8 SYSTEMPATH\CodeIgniter.php(363): CodeIgniter\CodeIgniter->handleRequest(null, Object(Config\Cache), false)
 9 SYSTEMPATH\Boot.php(417): CodeIgniter\CodeIgniter->run()
10 SYSTEMPATH\Boot.php(68): CodeIgniter\Boot::runCodeIgniter(Object(CodeIgniter\CodeIgniter))
11 FCPATH\index.php(59): CodeIgniter\Boot::bootWeb(Object(Config\Paths))
CRITICAL - 2026-09-28 00:34:04 --> ErrorException: Undefined array key "id"
[Method: GET, Route: ciudadanos]
in APPPATH\Views\ciudadanos.php on line 44.
 1 APPPATH\Views\ciudadanos.php(44): CodeIgniter\Debug\Exceptions->errorHandler(2, 'Undefined array key "id"', 'C:\\xampp\\htdocs\\ci4_ciudadanos\\app\\Views\\ciudadanos.php', 44)
 2 SYSTEMPATH\View\View.php(240): include('C:\\xampp\\htdocs\\ci4_ciudadanos\\app\\Views\\ciudadanos.php')
 3 SYSTEMPATH\View\View.php(243): CodeIgniter\View\View->CodeIgniter\View\{closure}()
 4 SYSTEMPATH\Common.php(1268): CodeIgniter\View\View->render('ciudadanos', [], true)
 5 APPPATH\Controllers\CiudadanosController.php(20): view('ciudadanos', [...])
 6 SYSTEMPATH\CodeIgniter.php(974): App\Controllers\CiudadanosController->index()
 7 SYSTEMPATH\CodeIgniter.php(520): CodeIgniter\CodeIgniter->runController(Object(App\Controllers\CiudadanosController))
 8 SYSTEMPATH\CodeIgniter.php(363): CodeIgniter\CodeIgniter->handleRequest(null, Object(Config\Cache), false)
 9 SYSTEMPATH\Boot.php(417): CodeIgniter\CodeIgniter->run()
10 SYSTEMPATH\Boot.php(68): CodeIgniter\Boot::runCodeIgniter(Object(CodeIgniter\CodeIgniter))
11 FCPATH\index.php(59): CodeIgniter\Boot::bootWeb(Object(Config\Paths))
CRITICAL - 2026-09-28 01:04:13 --> ErrorException: Undefined array key "id"
[Method: GET, Route: ciudadanos]
in APPPATH\Views\ciudadanos.php on line 44.
 1 APPPATH\Views\ciudadanos.php(44): CodeIgniter\Debug\Exceptions->errorHandler(2, 'Undefined array key "id"', 'C:\\xampp\\htdocs\\ci4_ciudadanos\\app\\Views\\ciudadanos.php', 44)
 2 SYSTEMPATH\View\View.php(240): include('C:\\xampp\\htdocs\\ci4_ciudadanos\\app\\Views\\ciudadanos.php')
 3 SYSTEMPATH\View\View.php(243): CodeIgniter\View\View->CodeIgniter\View\{closure}()
 4 SYSTEMPATH\Common.php(1268): CodeIgniter\View\View->render('ciudadanos', [], true)
 5 APPPATH\Controllers\CiudadanosController.php(20): view('ciudadanos', [...])
 6 SYSTEMPATH\CodeIgniter.php(974): App\Controllers\CiudadanosController->index()
 7 SYSTEMPATH\CodeIgniter.php(520): CodeIgniter\CodeIgniter->runController(Object(App\Controllers\CiudadanosController))
 8 SYSTEMPATH\CodeIgniter.php(363): CodeIgniter\CodeIgniter->handleRequest(null, Object(Config\Cache), false)
 9 SYSTEMPATH\Boot.php(417): CodeIgniter\CodeIgniter->run()
10 SYSTEMPATH\Boot.php(68): CodeIgniter\Boot::runCodeIgniter(Object(CodeIgniter\CodeIgniter))
11 FCPATH\index.php(59): CodeIgniter\Boot::bootWeb(Object(Config\Paths))
CRITICAL - 2026-09-28 01:04:15 --> ErrorException: Undefined array key "id"
[Method: GET, Route: ciudadanos]
in APPPATH\Views\ciudadanos.php on line 44.
 1 APPPATH\Views\ciudadanos.php(44): CodeIgniter\Debug\Exceptions->errorHandler(2, 'Undefined array key "id"', 'C:\\xampp\\htdocs\\ci4_ciudadanos\\app\\Views\\ciudadanos.php', 44)
 2 SYSTEMPATH\View\View.php(240): include('C:\\xampp\\htdocs\\ci4_ciudadanos\\app\\Views\\ciudadanos.php')
 3 SYSTEMPATH\View\View.php(243): CodeIgniter\View\View->CodeIgniter\View\{closure}()
 4 SYSTEMPATH\Common.php(1268): CodeIgniter\View\View->render('ciudadanos', [], true)
 5 APPPATH\Controllers\CiudadanosController.php(20): view('ciudadanos', [...])
 6 SYSTEMPATH\CodeIgniter.php(974): App\Controllers\CiudadanosController->index()
 7 SYSTEMPATH\CodeIgniter.php(520): CodeIgniter\CodeIgniter->runController(Object(App\Controllers\CiudadanosController))
 8 SYSTEMPATH\CodeIgniter.php(363): CodeIgniter\CodeIgniter->handleRequest(null, Object(Config\Cache), false)
 9 SYSTEMPATH\Boot.php(417): CodeIgniter\CodeIgniter->run()
10 SYSTEMPATH\Boot.php(68): CodeIgniter\Boot::runCodeIgniter(Object(CodeIgniter\CodeIgniter))
11 FCPATH\index.php(59): CodeIgniter\Boot::bootWeb(Object(Config\Paths))
CRITICAL - 2026-09-28 01:04:16 --> ErrorException: Undefined array key "id"
[Method: GET, Route: ciudadanos]
in APPPATH\Views\ciudadanos.php on line 44.
 1 APPPATH\Views\ciudadanos.php(44): CodeIgniter\Debug\Exceptions->errorHandler(2, 'Undefined array key "id"', 'C:\\xampp\\htdocs\\ci4_ciudadanos\\app\\Views\\ciudadanos.php', 44)
 2 SYSTEMPATH\View\View.php(240): include('C:\\xampp\\htdocs\\ci4_ciudadanos\\app\\Views\\ciudadanos.php')
 3 SYSTEMPATH\View\View.php(243): CodeIgniter\View\View->CodeIgniter\View\{closure}()
 4 SYSTEMPATH\Common.php(1268): CodeIgniter\View\View->render('ciudadanos', [], true)
 5 APPPATH\Controllers\CiudadanosController.php(20): view('ciudadanos', [...])
 6 SYSTEMPATH\CodeIgniter.php(974): App\Controllers\CiudadanosController->index()
 7 SYSTEMPATH\CodeIgniter.php(520): CodeIgniter\CodeIgniter->runController(Object(App\Controllers\CiudadanosController))
 8 SYSTEMPATH\CodeIgniter.php(363): CodeIgniter\CodeIgniter->handleRequest(null, Object(Config\Cache), false)
 9 SYSTEMPATH\Boot.php(417): CodeIgniter\CodeIgniter->run()
10 SYSTEMPATH\Boot.php(68): CodeIgniter\Boot::runCodeIgniter(Object(CodeIgniter\CodeIgniter))
11 FCPATH\index.php(59): CodeIgniter\Boot::bootWeb(Object(Config\Paths))
CRITICAL - 2026-09-28 01:04:16 --> ErrorException: Undefined array key "id"
[Method: GET, Route: ciudadanos]
in APPPATH\Views\ciudadanos.php on line 44.
 1 APPPATH\Views\ciudadanos.php(44): CodeIgniter\Debug\Exceptions->errorHandler(2, 'Undefined array key "id"', 'C:\\xampp\\htdocs\\ci4_ciudadanos\\app\\Views\\ciudadanos.php', 44)
 2 SYSTEMPATH\View\View.php(240): include('C:\\xampp\\htdocs\\ci4_ciudadanos\\app\\Views\\ciudadanos.php')
 3 SYSTEMPATH\View\View.php(243): CodeIgniter\View\View->CodeIgniter\View\{closure}()
 4 SYSTEMPATH\Common.php(1268): CodeIgniter\View\View->render('ciudadanos', [], true)
 5 APPPATH\Controllers\CiudadanosController.php(20): view('ciudadanos', [...])
 6 SYSTEMPATH\CodeIgniter.php(974): App\Controllers\CiudadanosController->index()
 7 SYSTEMPATH\CodeIgniter.php(520): CodeIgniter\CodeIgniter->runController(Object(App\Controllers\CiudadanosController))
 8 SYSTEMPATH\CodeIgniter.php(363): CodeIgniter\CodeIgniter->handleRequest(null, Object(Config\Cache), false)
 9 SYSTEMPATH\Boot.php(417): CodeIgniter\CodeIgniter->run()
10 SYSTEMPATH\Boot.php(68): CodeIgniter\Boot::runCodeIgniter(Object(CodeIgniter\CodeIgniter))
11 FCPATH\index.php(59): CodeIgniter\Boot::bootWeb(Object(Config\Paths))
CRITICAL - 2026-09-28 01:04:16 --> ErrorException: Undefined array key "id"
[Method: GET, Route: ciudadanos]
in APPPATH\Views\ciudadanos.php on line 44.
 1 APPPATH\Views\ciudadanos.php(44): CodeIgniter\Debug\Exceptions->errorHandler(2, 'Undefined array key "id"', 'C:\\xampp\\htdocs\\ci4_ciudadanos\\app\\Views\\ciudadanos.php', 44)
 2 SYSTEMPATH\View\View.php(240): include('C:\\xampp\\htdocs\\ci4_ciudadanos\\app\\Views\\ciudadanos.php')
 3 SYSTEMPATH\View\View.php(243): CodeIgniter\View\View->CodeIgniter\View\{closure}()
 4 SYSTEMPATH\Common.php(1268): CodeIgniter\View\View->render('ciudadanos', [], true)
 5 APPPATH\Controllers\CiudadanosController.php(20): view('ciudadanos', [...])
 6 SYSTEMPATH\CodeIgniter.php(974): App\Controllers\CiudadanosController->index()
 7 SYSTEMPATH\CodeIgniter.php(520): CodeIgniter\CodeIgniter->runController(Object(App\Controllers\CiudadanosController))
 8 SYSTEMPATH\CodeIgniter.php(363): CodeIgniter\CodeIgniter->handleRequest(null, Object(Config\Cache), false)
 9 SYSTEMPATH\Boot.php(417): CodeIgniter\CodeIgniter->run()
10 SYSTEMPATH\Boot.php(68): CodeIgniter\Boot::runCodeIgniter(Object(CodeIgniter\CodeIgniter))
11 FCPATH\index.php(59): CodeIgniter\Boot::bootWeb(Object(Config\Paths))
CRITICAL - 2026-09-28 01:04:16 --> ErrorException: Undefined array key "id"
[Method: GET, Route: ciudadanos]
in APPPATH\Views\ciudadanos.php on line 44.
 1 APPPATH\Views\ciudadanos.php(44): CodeIgniter\Debug\Exceptions->errorHandler(2, 'Undefined array key "id"', 'C:\\xampp\\htdocs\\ci4_ciudadanos\\app\\Views\\ciudadanos.php', 44)
 2 SYSTEMPATH\View\View.php(240): include('C:\\xampp\\htdocs\\ci4_ciudadanos\\app\\Views\\ciudadanos.php')
 3 SYSTEMPATH\View\View.php(243): CodeIgniter\View\View->CodeIgniter\View\{closure}()
 4 SYSTEMPATH\Common.php(1268): CodeIgniter\View\View->render('ciudadanos', [], true)
 5 APPPATH\Controllers\CiudadanosController.php(20): view('ciudadanos', [...])
 6 SYSTEMPATH\CodeIgniter.php(974): App\Controllers\CiudadanosController->index()
 7 SYSTEMPATH\CodeIgniter.php(520): CodeIgniter\CodeIgniter->runController(Object(App\Controllers\CiudadanosController))
 8 SYSTEMPATH\CodeIgniter.php(363): CodeIgniter\CodeIgniter->handleRequest(null, Object(Config\Cache), false)
 9 SYSTEMPATH\Boot.php(417): CodeIgniter\CodeIgniter->run()
10 SYSTEMPATH\Boot.php(68): CodeIgniter\Boot::runCodeIgniter(Object(CodeIgniter\CodeIgniter))
11 FCPATH\index.php(59): CodeIgniter\Boot::bootWeb(Object(Config\Paths))
CRITICAL - 2026-09-28 01:04:16 --> ErrorException: Undefined array key "id"
[Method: GET, Route: ciudadanos]
in APPPATH\Views\ciudadanos.php on line 44.
 1 APPPATH\Views\ciudadanos.php(44): CodeIgniter\Debug\Exceptions->errorHandler(2, 'Undefined array key "id"', 'C:\\xampp\\htdocs\\ci4_ciudadanos\\app\\Views\\ciudadanos.php', 44)
 2 SYSTEMPATH\View\View.php(240): include('C:\\xampp\\htdocs\\ci4_ciudadanos\\app\\Views\\ciudadanos.php')
 3 SYSTEMPATH\View\View.php(243): CodeIgniter\View\View->CodeIgniter\View\{closure}()
 4 SYSTEMPATH\Common.php(1268): CodeIgniter\View\View->render('ciudadanos', [], true)
 5 APPPATH\Controllers\CiudadanosController.php(20): view('ciudadanos', [...])
 6 SYSTEMPATH\CodeIgniter.php(974): App\Controllers\CiudadanosController->index()
 7 SYSTEMPATH\CodeIgniter.php(520): CodeIgniter\CodeIgniter->runController(Object(App\Controllers\CiudadanosController))
 8 SYSTEMPATH\CodeIgniter.php(363): CodeIgniter\CodeIgniter->handleRequest(null, Object(Config\Cache), false)
 9 SYSTEMPATH\Boot.php(417): CodeIgniter\CodeIgniter->run()
10 SYSTEMPATH\Boot.php(68): CodeIgniter\Boot::runCodeIgniter(Object(CodeIgniter\CodeIgniter))
11 FCPATH\index.php(59): CodeIgniter\Boot::bootWeb(Object(Config\Paths))
CRITICAL - 2026-09-28 01:04:17 --> ErrorException: Undefined array key "id"
[Method: GET, Route: ciudadanos]
in APPPATH\Views\ciudadanos.php on line 44.
 1 APPPATH\Views\ciudadanos.php(44): CodeIgniter\Debug\Exceptions->errorHandler(2, 'Undefined array key "id"', 'C:\\xampp\\htdocs\\ci4_ciudadanos\\app\\Views\\ciudadanos.php', 44)
 2 SYSTEMPATH\View\View.php(240): include('C:\\xampp\\htdocs\\ci4_ciudadanos\\app\\Views\\ciudadanos.php')
 3 SYSTEMPATH\View\View.php(243): CodeIgniter\View\View->CodeIgniter\View\{closure}()
 4 SYSTEMPATH\Common.php(1268): CodeIgniter\View\View->render('ciudadanos', [], true)
 5 APPPATH\Controllers\CiudadanosController.php(20): view('ciudadanos', [...])
 6 SYSTEMPATH\CodeIgniter.php(974): App\Controllers\CiudadanosController->index()
 7 SYSTEMPATH\CodeIgniter.php(520): CodeIgniter\CodeIgniter->runController(Object(App\Controllers\CiudadanosController))
 8 SYSTEMPATH\CodeIgniter.php(363): CodeIgniter\CodeIgniter->handleRequest(null, Object(Config\Cache), false)
 9 SYSTEMPATH\Boot.php(417): CodeIgniter\CodeIgniter->run()
10 SYSTEMPATH\Boot.php(68): CodeIgniter\Boot::runCodeIgniter(Object(CodeIgniter\CodeIgniter))
11 FCPATH\index.php(59): CodeIgniter\Boot::bootWeb(Object(Config\Paths))
CRITICAL - 2026-09-28 01:04:17 --> ErrorException: Undefined array key "id"
[Method: GET, Route: ciudadanos]
in APPPATH\Views\ciudadanos.php on line 44.
 1 APPPATH\Views\ciudadanos.php(44): CodeIgniter\Debug\Exceptions->errorHandler(2, 'Undefined array key "id"', 'C:\\xampp\\htdocs\\ci4_ciudadanos\\app\\Views\\ciudadanos.php', 44)
 2 SYSTEMPATH\View\View.php(240): include('C:\\xampp\\htdocs\\ci4_ciudadanos\\app\\Views\\ciudadanos.php')
 3 SYSTEMPATH\View\View.php(243): CodeIgniter\View\View->CodeIgniter\View\{closure}()
 4 SYSTEMPATH\Common.php(1268): CodeIgniter\View\View->render('ciudadanos', [], true)
 5 APPPATH\Controllers\CiudadanosController.php(20): view('ciudadanos', [...])
 6 SYSTEMPATH\CodeIgniter.php(974): App\Controllers\CiudadanosController->index()
 7 SYSTEMPATH\CodeIgniter.php(520): CodeIgniter\CodeIgniter->runController(Object(App\Controllers\CiudadanosController))
 8 SYSTEMPATH\CodeIgniter.php(363): CodeIgniter\CodeIgniter->handleRequest(null, Object(Config\Cache), false)
 9 SYSTEMPATH\Boot.php(417): CodeIgniter\CodeIgniter->run()
10 SYSTEMPATH\Boot.php(68): CodeIgniter\Boot::runCodeIgniter(Object(CodeIgniter\CodeIgniter))
11 FCPATH\index.php(59): CodeIgniter\Boot::bootWeb(Object(Config\Paths))
CRITICAL - 2026-09-28 01:04:17 --> ErrorException: Undefined array key "id"
[Method: GET, Route: ciudadanos]
in APPPATH\Views\ciudadanos.php on line 44.
 1 APPPATH\Views\ciudadanos.php(44): CodeIgniter\Debug\Exceptions->errorHandler(2, 'Undefined array key "id"', 'C:\\xampp\\htdocs\\ci4_ciudadanos\\app\\Views\\ciudadanos.php', 44)
 2 SYSTEMPATH\View\View.php(240): include('C:\\xampp\\htdocs\\ci4_ciudadanos\\app\\Views\\ciudadanos.php')
 3 SYSTEMPATH\View\View.php(243): CodeIgniter\View\View->CodeIgniter\View\{closure}()
 4 SYSTEMPATH\Common.php(1268): CodeIgniter\View\View->render('ciudadanos', [], true)
 5 APPPATH\Controllers\CiudadanosController.php(20): view('ciudadanos', [...])
 6 SYSTEMPATH\CodeIgniter.php(974): App\Controllers\CiudadanosController->index()
 7 SYSTEMPATH\CodeIgniter.php(520): CodeIgniter\CodeIgniter->runController(Object(App\Controllers\CiudadanosController))
 8 SYSTEMPATH\CodeIgniter.php(363): CodeIgniter\CodeIgniter->handleRequest(null, Object(Config\Cache), false)
 9 SYSTEMPATH\Boot.php(417): CodeIgniter\CodeIgniter->run()
10 SYSTEMPATH\Boot.php(68): CodeIgniter\Boot::runCodeIgniter(Object(CodeIgniter\CodeIgniter))
11 FCPATH\index.php(59): CodeIgniter\Boot::bootWeb(Object(Config\Paths))
CRITICAL - 2026-09-28 02:26:52 --> ErrorException: Undefined array key "telefono"
[Method: GET, Route: ciudadanos]
in APPPATH\Views\ciudadanos.php on line 86.
 1 APPPATH\Views\ciudadanos.php(86): CodeIgniter\Debug\Exceptions->errorHandler(2, 'Undefined array key "telefono"', 'C:\\xampp\\htdocs\\ci4_ciudadanos\\app\\Views\\ciudadanos.php', 86)
 2 SYSTEMPATH\View\View.php(240): include('C:\\xampp\\htdocs\\ci4_ciudadanos\\app\\Views\\ciudadanos.php')
 3 SYSTEMPATH\View\View.php(243): CodeIgniter\View\View->CodeIgniter\View\{closure}()
 4 SYSTEMPATH\Common.php(1268): CodeIgniter\View\View->render('ciudadanos', [], true)
 5 APPPATH\Controllers\CiudadanosController.php(20): view('ciudadanos', [...])
 6 SYSTEMPATH\CodeIgniter.php(974): App\Controllers\CiudadanosController->index()
 7 SYSTEMPATH\CodeIgniter.php(520): CodeIgniter\CodeIgniter->runController(Object(App\Controllers\CiudadanosController))
 8 SYSTEMPATH\CodeIgniter.php(363): CodeIgniter\CodeIgniter->handleRequest(null, Object(Config\Cache), false)
 9 SYSTEMPATH\Boot.php(417): CodeIgniter\CodeIgniter->run()
10 SYSTEMPATH\Boot.php(68): CodeIgniter\Boot::runCodeIgniter(Object(CodeIgniter\CodeIgniter))
11 FCPATH\index.php(59): CodeIgniter\Boot::bootWeb(Object(Config\Paths))
CRITICAL - 2026-09-28 02:27:50 --> Error: Call to undefined function doctype()
[Method: GET, Route: ciudadanos]
in APPPATH\Views\layouts\main.php on line 1.
 1 SYSTEMPATH\View\View.php(240): include()
 2 SYSTEMPATH\View\View.php(243): CodeIgniter\View\View->CodeIgniter\View\{closure}()
 3 SYSTEMPATH\View\View.php(256): CodeIgniter\View\View->render('layouts/main', [], true)
 4 SYSTEMPATH\Common.php(1268): CodeIgniter\View\View->render('ciudadanos', [], true)
 5 APPPATH\Controllers\CiudadanosController.php(20): view('ciudadanos', [...])
 6 SYSTEMPATH\CodeIgniter.php(974): App\Controllers\CiudadanosController->index()
 7 SYSTEMPATH\CodeIgniter.php(520): CodeIgniter\CodeIgniter->runController(Object(App\Controllers\CiudadanosController))
 8 SYSTEMPATH\CodeIgniter.php(363): CodeIgniter\CodeIgniter->handleRequest(null, Object(Config\Cache), false)
 9 SYSTEMPATH\Boot.php(417): CodeIgniter\CodeIgniter->run()
10 SYSTEMPATH\Boot.php(68): CodeIgniter\Boot::runCodeIgniter(Object(CodeIgniter\CodeIgniter))
11 FCPATH\index.php(59): CodeIgniter\Boot::bootWeb(Object(Config\Paths))
CRITICAL - 2026-09-28 02:27:52 --> Error: Call to undefined function doctype()
[Method: GET, Route: ciudadanos]
in APPPATH\Views\layouts\main.php on line 1.
 1 SYSTEMPATH\View\View.php(240): include()
 2 SYSTEMPATH\View\View.php(243): CodeIgniter\View\View->CodeIgniter\View\{closure}()
 3 SYSTEMPATH\View\View.php(256): CodeIgniter\View\View->render('layouts/main', [], true)
 4 SYSTEMPATH\Common.php(1268): CodeIgniter\View\View->render('ciudadanos', [], true)
 5 APPPATH\Controllers\CiudadanosController.php(20): view('ciudadanos', [...])
 6 SYSTEMPATH\CodeIgniter.php(974): App\Controllers\CiudadanosController->index()
 7 SYSTEMPATH\CodeIgniter.php(520): CodeIgniter\CodeIgniter->runController(Object(App\Controllers\CiudadanosController))
 8 SYSTEMPATH\CodeIgniter.php(363): CodeIgniter\CodeIgniter->handleRequest(null, Object(Config\Cache), false)
 9 SYSTEMPATH\Boot.php(417): CodeIgniter\CodeIgniter->run()
10 SYSTEMPATH\Boot.php(68): CodeIgniter\Boot::runCodeIgniter(Object(CodeIgniter\CodeIgniter))
11 FCPATH\index.php(59): CodeIgniter\Boot::bootWeb(Object(Config\Paths))
CRITICAL - 2026-09-28 02:27:52 --> Error: Call to undefined function doctype()
[Method: GET, Route: ciudadanos]
in APPPATH\Views\layouts\main.php on line 1.
 1 SYSTEMPATH\View\View.php(240): include()
 2 SYSTEMPATH\View\View.php(243): CodeIgniter\View\View->CodeIgniter\View\{closure}()
 3 SYSTEMPATH\View\View.php(256): CodeIgniter\View\View->render('layouts/main', [], true)
 4 SYSTEMPATH\Common.php(1268): CodeIgniter\View\View->render('ciudadanos', [], true)
 5 APPPATH\Controllers\CiudadanosController.php(20): view('ciudadanos', [...])
 6 SYSTEMPATH\CodeIgniter.php(974): App\Controllers\CiudadanosController->index()
 7 SYSTEMPATH\CodeIgniter.php(520): CodeIgniter\CodeIgniter->runController(Object(App\Controllers\CiudadanosController))
 8 SYSTEMPATH\CodeIgniter.php(363): CodeIgniter\CodeIgniter->handleRequest(null, Object(Config\Cache), false)
 9 SYSTEMPATH\Boot.php(417): CodeIgniter\CodeIgniter->run()
10 SYSTEMPATH\Boot.php(68): CodeIgniter\Boot::runCodeIgniter(Object(CodeIgniter\CodeIgniter))
11 FCPATH\index.php(59): CodeIgniter\Boot::bootWeb(Object(Config\Paths))
CRITICAL - 2026-09-28 02:27:52 --> Error: Call to undefined function doctype()
[Method: GET, Route: ciudadanos]
in APPPATH\Views\layouts\main.php on line 1.
 1 SYSTEMPATH\View\View.php(240): include()
 2 SYSTEMPATH\View\View.php(243): CodeIgniter\View\View->CodeIgniter\View\{closure}()
 3 SYSTEMPATH\View\View.php(256): CodeIgniter\View\View->render('layouts/main', [], true)
 4 SYSTEMPATH\Common.php(1268): CodeIgniter\View\View->render('ciudadanos', [], true)
 5 APPPATH\Controllers\CiudadanosController.php(20): view('ciudadanos', [...])
 6 SYSTEMPATH\CodeIgniter.php(974): App\Controllers\CiudadanosController->index()
 7 SYSTEMPATH\CodeIgniter.php(520): CodeIgniter\CodeIgniter->runController(Object(App\Controllers\CiudadanosController))
 8 SYSTEMPATH\CodeIgniter.php(363): CodeIgniter\CodeIgniter->handleRequest(null, Object(Config\Cache), false)
 9 SYSTEMPATH\Boot.php(417): CodeIgniter\CodeIgniter->run()
10 SYSTEMPATH\Boot.php(68): CodeIgniter\Boot::runCodeIgniter(Object(CodeIgniter\CodeIgniter))
11 FCPATH\index.php(59): CodeIgniter\Boot::bootWeb(Object(Config\Paths))
CRITICAL - 2026-09-28 02:27:53 --> Error: Call to undefined function doctype()
[Method: GET, Route: ciudadanos]
in APPPATH\Views\layouts\main.php on line 1.
 1 SYSTEMPATH\View\View.php(240): include()
 2 SYSTEMPATH\View\View.php(243): CodeIgniter\View\View->CodeIgniter\View\{closure}()
 3 SYSTEMPATH\View\View.php(256): CodeIgniter\View\View->render('layouts/main', [], true)
 4 SYSTEMPATH\Common.php(1268): CodeIgniter\View\View->render('ciudadanos', [], true)
 5 APPPATH\Controllers\CiudadanosController.php(20): view('ciudadanos', [...])
 6 SYSTEMPATH\CodeIgniter.php(974): App\Controllers\CiudadanosController->index()
 7 SYSTEMPATH\CodeIgniter.php(520): CodeIgniter\CodeIgniter->runController(Object(App\Controllers\CiudadanosController))
 8 SYSTEMPATH\CodeIgniter.php(363): CodeIgniter\CodeIgniter->handleRequest(null, Object(Config\Cache), false)
 9 SYSTEMPATH\Boot.php(417): CodeIgniter\CodeIgniter->run()
10 SYSTEMPATH\Boot.php(68): CodeIgniter\Boot::runCodeIgniter(Object(CodeIgniter\CodeIgniter))
11 FCPATH\index.php(59): CodeIgniter\Boot::bootWeb(Object(Config\Paths))
CRITICAL - 2026-09-28 02:43:34 --> CodeIgniter\Database\Exceptions\DatabaseException: You must set the database table to be used with your query.
[Method: GET, Route: regiones]
in SYSTEMPATH\Database\BaseConnection.php on line 1123.
 1 SYSTEMPATH\Model.php(603): CodeIgniter\Database\BaseConnection->table(null)
 2 SYSTEMPATH\Model.php(242): CodeIgniter\Model->builder()
 3 SYSTEMPATH\BaseModel.php(676): CodeIgniter\Model->doFindAll(0, 0)
 4 APPPATH\Controllers\RegionesController.php(11): CodeIgniter\BaseModel->findAll()
 5 SYSTEMPATH\CodeIgniter.php(974): App\Controllers\RegionesController->index()
 6 SYSTEMPATH\CodeIgniter.php(520): CodeIgniter\CodeIgniter->runController(Object(App\Controllers\RegionesController))
 7 SYSTEMPATH\CodeIgniter.php(363): CodeIgniter\CodeIgniter->handleRequest(null, Object(Config\Cache), false)
 8 SYSTEMPATH\Boot.php(417): CodeIgniter\CodeIgniter->run()
 9 SYSTEMPATH\Boot.php(68): CodeIgniter\Boot::runCodeIgniter(Object(CodeIgniter\CodeIgniter))
10 FCPATH\index.php(59): CodeIgniter\Boot::bootWeb(Object(Config\Paths))
CRITICAL - 2026-09-28 02:43:34 --> CodeIgniter\Database\Exceptions\DatabaseException: You must set the database table to be used with your query.
[Method: GET, Route: regiones]
in SYSTEMPATH\Database\BaseConnection.php on line 1123.
 1 SYSTEMPATH\Model.php(603): CodeIgniter\Database\BaseConnection->table(null)
 2 SYSTEMPATH\Model.php(242): CodeIgniter\Model->builder()
 3 SYSTEMPATH\BaseModel.php(676): CodeIgniter\Model->doFindAll(0, 0)
 4 APPPATH\Controllers\RegionesController.php(11): CodeIgniter\BaseModel->findAll()
 5 SYSTEMPATH\CodeIgniter.php(974): App\Controllers\RegionesController->index()
 6 SYSTEMPATH\CodeIgniter.php(520): CodeIgniter\CodeIgniter->runController(Object(App\Controllers\RegionesController))
 7 SYSTEMPATH\CodeIgniter.php(363): CodeIgniter\CodeIgniter->handleRequest(null, Object(Config\Cache), false)
 8 SYSTEMPATH\Boot.php(417): CodeIgniter\CodeIgniter->run()
 9 SYSTEMPATH\Boot.php(68): CodeIgniter\Boot::runCodeIgniter(Object(CodeIgniter\CodeIgniter))
10 FCPATH\index.php(59): CodeIgniter\Boot::bootWeb(Object(Config\Paths))
CRITICAL - 2026-09-28 02:43:57 --> CodeIgniter\Database\Exceptions\DatabaseException: You must set the database table to be used with your query.
[Method: GET, Route: regiones]
in SYSTEMPATH\Database\BaseConnection.php on line 1123.
 1 SYSTEMPATH\Model.php(603): CodeIgniter\Database\BaseConnection->table(null)
 2 SYSTEMPATH\Model.php(242): CodeIgniter\Model->builder()
 3 SYSTEMPATH\BaseModel.php(676): CodeIgniter\Model->doFindAll(0, 0)
 4 APPPATH\Controllers\RegionesController.php(11): CodeIgniter\BaseModel->findAll()
 5 SYSTEMPATH\CodeIgniter.php(974): App\Controllers\RegionesController->index()
 6 SYSTEMPATH\CodeIgniter.php(520): CodeIgniter\CodeIgniter->runController(Object(App\Controllers\RegionesController))
 7 SYSTEMPATH\CodeIgniter.php(363): CodeIgniter\CodeIgniter->handleRequest(null, Object(Config\Cache), false)
 8 SYSTEMPATH\Boot.php(417): CodeIgniter\CodeIgniter->run()
 9 SYSTEMPATH\Boot.php(68): CodeIgniter\Boot::runCodeIgniter(Object(CodeIgniter\CodeIgniter))
10 FCPATH\index.php(59): CodeIgniter\Boot::bootWeb(Object(Config\Paths))
CRITICAL - 2026-09-28 02:44:08 --> CodeIgniter\Database\Exceptions\DatabaseException: You must set the database table to be used with your query.
[Method: GET, Route: regiones]
in SYSTEMPATH\Database\BaseConnection.php on line 1123.
 1 SYSTEMPATH\Model.php(603): CodeIgniter\Database\BaseConnection->table(null)
 2 SYSTEMPATH\Model.php(242): CodeIgniter\Model->builder()
 3 SYSTEMPATH\BaseModel.php(676): CodeIgniter\Model->doFindAll(0, 0)
 4 APPPATH\Controllers\RegionesController.php(11): CodeIgniter\BaseModel->findAll()
 5 SYSTEMPATH\CodeIgniter.php(974): App\Controllers\RegionesController->index()
 6 SYSTEMPATH\CodeIgniter.php(520): CodeIgniter\CodeIgniter->runController(Object(App\Controllers\RegionesController))
 7 SYSTEMPATH\CodeIgniter.php(363): CodeIgniter\CodeIgniter->handleRequest(null, Object(Config\Cache), false)
 8 SYSTEMPATH\Boot.php(417): CodeIgniter\CodeIgniter->run()
 9 SYSTEMPATH\Boot.php(68): CodeIgniter\Boot::runCodeIgniter(Object(CodeIgniter\CodeIgniter))
10 FCPATH\index.php(59): CodeIgniter\Boot::bootWeb(Object(Config\Paths))
CRITICAL - 2026-09-28 02:44:08 --> CodeIgniter\Database\Exceptions\DatabaseException: You must set the database table to be used with your query.
[Method: GET, Route: regiones]
in SYSTEMPATH\Database\BaseConnection.php on line 1123.
 1 SYSTEMPATH\Model.php(603): CodeIgniter\Database\BaseConnection->table(null)
 2 SYSTEMPATH\Model.php(242): CodeIgniter\Model->builder()
 3 SYSTEMPATH\BaseModel.php(676): CodeIgniter\Model->doFindAll(0, 0)
 4 APPPATH\Controllers\RegionesController.php(11): CodeIgniter\BaseModel->findAll()
 5 SYSTEMPATH\CodeIgniter.php(974): App\Controllers\RegionesController->index()
 6 SYSTEMPATH\CodeIgniter.php(520): CodeIgniter\CodeIgniter->runController(Object(App\Controllers\RegionesController))
 7 SYSTEMPATH\CodeIgniter.php(363): CodeIgniter\CodeIgniter->handleRequest(null, Object(Config\Cache), false)
 8 SYSTEMPATH\Boot.php(417): CodeIgniter\CodeIgniter->run()
 9 SYSTEMPATH\Boot.php(68): CodeIgniter\Boot::runCodeIgniter(Object(CodeIgniter\CodeIgniter))
10 FCPATH\index.php(59): CodeIgniter\Boot::bootWeb(Object(Config\Paths))
CRITICAL - 2026-09-28 02:44:31 --> CodeIgniter\Database\Exceptions\DatabaseException: You must set the database table to be used with your query.
[Method: GET, Route: regiones]
in SYSTEMPATH\Database\BaseConnection.php on line 1123.
 1 SYSTEMPATH\Model.php(603): CodeIgniter\Database\BaseConnection->table(null)
 2 SYSTEMPATH\Model.php(242): CodeIgniter\Model->builder()
 3 SYSTEMPATH\BaseModel.php(676): CodeIgniter\Model->doFindAll(0, 0)
 4 APPPATH\Controllers\RegionesController.php(11): CodeIgniter\BaseModel->findAll()
 5 SYSTEMPATH\CodeIgniter.php(974): App\Controllers\RegionesController->index()
 6 SYSTEMPATH\CodeIgniter.php(520): CodeIgniter\CodeIgniter->runController(Object(App\Controllers\RegionesController))
 7 SYSTEMPATH\CodeIgniter.php(363): CodeIgniter\CodeIgniter->handleRequest(null, Object(Config\Cache), false)
 8 SYSTEMPATH\Boot.php(417): CodeIgniter\CodeIgniter->run()
 9 SYSTEMPATH\Boot.php(68): CodeIgniter\Boot::runCodeIgniter(Object(CodeIgniter\CodeIgniter))
10 FCPATH\index.php(59): CodeIgniter\Boot::bootWeb(Object(Config\Paths))
CRITICAL - 2026-09-28 02:44:32 --> CodeIgniter\Database\Exceptions\DatabaseException: You must set the database table to be used with your query.
[Method: GET, Route: regiones]
in SYSTEMPATH\Database\BaseConnection.php on line 1123.
 1 SYSTEMPATH\Model.php(603): CodeIgniter\Database\BaseConnection->table(null)
 2 SYSTEMPATH\Model.php(242): CodeIgniter\Model->builder()
 3 SYSTEMPATH\BaseModel.php(676): CodeIgniter\Model->doFindAll(0, 0)
 4 APPPATH\Controllers\RegionesController.php(11): CodeIgniter\BaseModel->findAll()
 5 SYSTEMPATH\CodeIgniter.php(974): App\Controllers\RegionesController->index()
 6 SYSTEMPATH\CodeIgniter.php(520): CodeIgniter\CodeIgniter->runController(Object(App\Controllers\RegionesController))
 7 SYSTEMPATH\CodeIgniter.php(363): CodeIgniter\CodeIgniter->handleRequest(null, Object(Config\Cache), false)
 8 SYSTEMPATH\Boot.php(417): CodeIgniter\CodeIgniter->run()
 9 SYSTEMPATH\Boot.php(68): CodeIgniter\Boot::runCodeIgniter(Object(CodeIgniter\CodeIgniter))
10 FCPATH\index.php(59): CodeIgniter\Boot::bootWeb(Object(Config\Paths))
CRITICAL - 2026-09-28 02:44:32 --> CodeIgniter\Database\Exceptions\DatabaseException: You must set the database table to be used with your query.
[Method: GET, Route: regiones]
in SYSTEMPATH\Database\BaseConnection.php on line 1123.
 1 SYSTEMPATH\Model.php(603): CodeIgniter\Database\BaseConnection->table(null)
 2 SYSTEMPATH\Model.php(242): CodeIgniter\Model->builder()
 3 SYSTEMPATH\BaseModel.php(676): CodeIgniter\Model->doFindAll(0, 0)
 4 APPPATH\Controllers\RegionesController.php(11): CodeIgniter\BaseModel->findAll()
 5 SYSTEMPATH\CodeIgniter.php(974): App\Controllers\RegionesController->index()
 6 SYSTEMPATH\CodeIgniter.php(520): CodeIgniter\CodeIgniter->runController(Object(App\Controllers\RegionesController))
 7 SYSTEMPATH\CodeIgniter.php(363): CodeIgniter\CodeIgniter->handleRequest(null, Object(Config\Cache), false)
 8 SYSTEMPATH\Boot.php(417): CodeIgniter\CodeIgniter->run()
 9 SYSTEMPATH\Boot.php(68): CodeIgniter\Boot::runCodeIgniter(Object(CodeIgniter\CodeIgniter))
10 FCPATH\index.php(59): CodeIgniter\Boot::bootWeb(Object(Config\Paths))
CRITICAL - 2026-09-28 02:44:33 --> CodeIgniter\Database\Exceptions\DatabaseException: You must set the database table to be used with your query.
[Method: GET, Route: regiones]
in SYSTEMPATH\Database\BaseConnection.php on line 1123.
 1 SYSTEMPATH\Model.php(603): CodeIgniter\Database\BaseConnection->table(null)
 2 SYSTEMPATH\Model.php(242): CodeIgniter\Model->builder()
 3 SYSTEMPATH\BaseModel.php(676): CodeIgniter\Model->doFindAll(0, 0)
 4 APPPATH\Controllers\RegionesController.php(11): CodeIgniter\BaseModel->findAll()
 5 SYSTEMPATH\CodeIgniter.php(974): App\Controllers\RegionesController->index()
 6 SYSTEMPATH\CodeIgniter.php(520): CodeIgniter\CodeIgniter->runController(Object(App\Controllers\RegionesController))
 7 SYSTEMPATH\CodeIgniter.php(363): CodeIgniter\CodeIgniter->handleRequest(null, Object(Config\Cache), false)
 8 SYSTEMPATH\Boot.php(417): CodeIgniter\CodeIgniter->run()
 9 SYSTEMPATH\Boot.php(68): CodeIgniter\Boot::runCodeIgniter(Object(CodeIgniter\CodeIgniter))
10 FCPATH\index.php(59): CodeIgniter\Boot::bootWeb(Object(Config\Paths))
CRITICAL - 2026-09-28 02:45:00 --> ParseError: syntax error, unexpected token "else", expecting end of file
[Method: GET, Route: ciudadanos]
in APPPATH\Views\ciudadanos.php on line 103.
 1 SYSTEMPATH\View\View.php(243): CodeIgniter\View\View->CodeIgniter\View\{closure}()
 2 SYSTEMPATH\Common.php(1268): CodeIgniter\View\View->render('ciudadanos', [], true)
 3 APPPATH\Controllers\CiudadanosController.php(20): view('ciudadanos', [...])
 4 SYSTEMPATH\CodeIgniter.php(974): App\Controllers\CiudadanosController->index()
 5 SYSTEMPATH\CodeIgniter.php(520): CodeIgniter\CodeIgniter->runController(Object(App\Controllers\CiudadanosController))
 6 SYSTEMPATH\CodeIgniter.php(363): CodeIgniter\CodeIgniter->handleRequest(null, Object(Config\Cache), false)
 7 SYSTEMPATH\Boot.php(417): CodeIgniter\CodeIgniter->run()
 8 SYSTEMPATH\Boot.php(68): CodeIgniter\Boot::runCodeIgniter(Object(CodeIgniter\CodeIgniter))
 9 FCPATH\index.php(59): CodeIgniter\Boot::bootWeb(Object(Config\Paths))
CRITICAL - 2026-09-28 02:45:00 --> ParseError: syntax error, unexpected token "else", expecting end of file
[Method: GET, Route: ciudadanos]
in APPPATH\Views\ciudadanos.php on line 103.
 1 SYSTEMPATH\View\View.php(243): CodeIgniter\View\View->CodeIgniter\View\{closure}()
 2 SYSTEMPATH\Common.php(1268): CodeIgniter\View\View->render('ciudadanos', [], true)
 3 APPPATH\Controllers\CiudadanosController.php(20): view('ciudadanos', [...])
 4 SYSTEMPATH\CodeIgniter.php(974): App\Controllers\CiudadanosController->index()
 5 SYSTEMPATH\CodeIgniter.php(520): CodeIgniter\CodeIgniter->runController(Object(App\Controllers\CiudadanosController))
 6 SYSTEMPATH\CodeIgniter.php(363): CodeIgniter\CodeIgniter->handleRequest(null, Object(Config\Cache), false)
 7 SYSTEMPATH\Boot.php(417): CodeIgniter\CodeIgniter->run()
 8 SYSTEMPATH\Boot.php(68): CodeIgniter\Boot::runCodeIgniter(Object(CodeIgniter\CodeIgniter))
 9 FCPATH\index.php(59): CodeIgniter\Boot::bootWeb(Object(Config\Paths))
CRITICAL - 2026-09-28 02:45:15 --> ParseError: syntax error, unexpected token "else", expecting end of file
[Method: GET, Route: ciudadanos]
in APPPATH\Views\ciudadanos.php on line 103.
 1 SYSTEMPATH\View\View.php(243): CodeIgniter\View\View->CodeIgniter\View\{closure}()
 2 SYSTEMPATH\Common.php(1268): CodeIgniter\View\View->render('ciudadanos', [], true)
 3 APPPATH\Controllers\CiudadanosController.php(20): view('ciudadanos', [...])
 4 SYSTEMPATH\CodeIgniter.php(974): App\Controllers\CiudadanosController->index()
 5 SYSTEMPATH\CodeIgniter.php(520): CodeIgniter\CodeIgniter->runController(Object(App\Controllers\CiudadanosController))
 6 SYSTEMPATH\CodeIgniter.php(363): CodeIgniter\CodeIgniter->handleRequest(null, Object(Config\Cache), false)
 7 SYSTEMPATH\Boot.php(417): CodeIgniter\CodeIgniter->run()
 8 SYSTEMPATH\Boot.php(68): CodeIgniter\Boot::runCodeIgniter(Object(CodeIgniter\CodeIgniter))
 9 FCPATH\index.php(59): CodeIgniter\Boot::bootWeb(Object(Config\Paths))
CRITICAL - 2026-09-28 02:45:27 --> ParseError: syntax error, unexpected token "else", expecting end of file
[Method: GET, Route: ciudadanos]
in APPPATH\Views\ciudadanos.php on line 103.
 1 SYSTEMPATH\View\View.php(243): CodeIgniter\View\View->CodeIgniter\View\{closure}()
 2 SYSTEMPATH\Common.php(1268): CodeIgniter\View\View->render('ciudadanos', [], true)
 3 APPPATH\Controllers\CiudadanosController.php(20): view('ciudadanos', [...])
 4 SYSTEMPATH\CodeIgniter.php(974): App\Controllers\CiudadanosController->index()
 5 SYSTEMPATH\CodeIgniter.php(520): CodeIgniter\CodeIgniter->runController(Object(App\Controllers\CiudadanosController))
 6 SYSTEMPATH\CodeIgniter.php(363): CodeIgniter\CodeIgniter->handleRequest(null, Object(Config\Cache), false)
 7 SYSTEMPATH\Boot.php(417): CodeIgniter\CodeIgniter->run()
 8 SYSTEMPATH\Boot.php(68): CodeIgniter\Boot::runCodeIgniter(Object(CodeIgniter\CodeIgniter))
 9 FCPATH\index.php(59): CodeIgniter\Boot::bootWeb(Object(Config\Paths))
CRITICAL - 2026-09-28 02:54:33 --> CodeIgniter\Database\Exceptions\DatabaseException: You must set the database table to be used with your query.
[Method: GET, Route: regiones]
in SYSTEMPATH\Database\BaseConnection.php on line 1123.
 1 SYSTEMPATH\Model.php(603): CodeIgniter\Database\BaseConnection->table(null)
 2 SYSTEMPATH\Model.php(242): CodeIgniter\Model->builder()
 3 SYSTEMPATH\BaseModel.php(676): CodeIgniter\Model->doFindAll(0, 0)
 4 APPPATH\Controllers\RegionesController.php(11): CodeIgniter\BaseModel->findAll()
 5 SYSTEMPATH\CodeIgniter.php(974): App\Controllers\RegionesController->index()
 6 SYSTEMPATH\CodeIgniter.php(520): CodeIgniter\CodeIgniter->runController(Object(App\Controllers\RegionesController))
 7 SYSTEMPATH\CodeIgniter.php(363): CodeIgniter\CodeIgniter->handleRequest(null, Object(Config\Cache), false)
 8 SYSTEMPATH\Boot.php(417): CodeIgniter\CodeIgniter->run()
 9 SYSTEMPATH\Boot.php(68): CodeIgniter\Boot::runCodeIgniter(Object(CodeIgniter\CodeIgniter))
10 FCPATH\index.php(59): CodeIgniter\Boot::bootWeb(Object(Config\Paths))
CRITICAL - 2026-09-28 03:01:35 --> CodeIgniter\View\Exceptions\ViewException: Invalid file: "municipios/index.php"
[Method: GET, Route: municipios]
in SYSTEMPATH\Exceptions\FrameworkException.php on line 39.
 1 SYSTEMPATH\View\View.php(228): CodeIgniter\Exceptions\FrameworkException::forInvalidFile('municipios/index.php')
 2 SYSTEMPATH\Common.php(1268): CodeIgniter\View\View->render('municipios/index', [], true)
 3 APPPATH\Controllers\MunicipiosController.php(20): view('municipios/index', [...])
 4 SYSTEMPATH\CodeIgniter.php(974): App\Controllers\MunicipiosController->index()
 5 SYSTEMPATH\CodeIgniter.php(520): CodeIgniter\CodeIgniter->runController(Object(App\Controllers\MunicipiosController))
 6 SYSTEMPATH\CodeIgniter.php(363): CodeIgniter\CodeIgniter->handleRequest(null, Object(Config\Cache), false)
 7 SYSTEMPATH\Boot.php(417): CodeIgniter\CodeIgniter->run()
 8 SYSTEMPATH\Boot.php(68): CodeIgniter\Boot::runCodeIgniter(Object(CodeIgniter\CodeIgniter))
 9 FCPATH\index.php(59): CodeIgniter\Boot::bootWeb(Object(Config\Paths))
CRITICAL - 2026-09-28 03:15:25 --> ErrorException: Undefined array key "id"
[Method: GET, Route: departamentos]
in APPPATH\Views\departamentos.php on line 24.
 1 APPPATH\Views\departamentos.php(24): CodeIgniter\Debug\Exceptions->errorHandler(2, 'Undefined array key "id"', 'C:\\xampp\\htdocs\\ci4_ciudadanos\\app\\Views\\departamentos.php', 24)
 2 SYSTEMPATH\View\View.php(240): include('C:\\xampp\\htdocs\\ci4_ciudadanos\\app\\Views\\departamentos.php')
 3 SYSTEMPATH\View\View.php(243): CodeIgniter\View\View->CodeIgniter\View\{closure}()
 4 SYSTEMPATH\Common.php(1268): CodeIgniter\View\View->render('departamentos', [], true)
 5 APPPATH\Controllers\DepartamentosController.php(20): view('departamentos', [...])
 6 SYSTEMPATH\CodeIgniter.php(974): App\Controllers\DepartamentosController->index()
 7 SYSTEMPATH\CodeIgniter.php(520): CodeIgniter\CodeIgniter->runController(Object(App\Controllers\DepartamentosController))
 8 SYSTEMPATH\CodeIgniter.php(363): CodeIgniter\CodeIgniter->handleRequest(null, Object(Config\Cache), false)
 9 SYSTEMPATH\Boot.php(417): CodeIgniter\CodeIgniter->run()
10 SYSTEMPATH\Boot.php(68): CodeIgniter\Boot::runCodeIgniter(Object(CodeIgniter\CodeIgniter))
11 FCPATH\index.php(59): CodeIgniter\Boot::bootWeb(Object(Config\Paths))
CRITICAL - 2026-09-28 03:16:44 --> ErrorException: Undefined array key "id"
[Method: GET, Route: departamentos]
in APPPATH\Views\departamentos.php on line 24.
 1 APPPATH\Views\departamentos.php(24): CodeIgniter\Debug\Exceptions->errorHandler(2, 'Undefined array key "id"', 'C:\\xampp\\htdocs\\ci4_ciudadanos\\app\\Views\\departamentos.php', 24)
 2 SYSTEMPATH\View\View.php(240): include('C:\\xampp\\htdocs\\ci4_ciudadanos\\app\\Views\\departamentos.php')
 3 SYSTEMPATH\View\View.php(243): CodeIgniter\View\View->CodeIgniter\View\{closure}()
 4 SYSTEMPATH\Common.php(1268): CodeIgniter\View\View->render('departamentos', [], true)
 5 APPPATH\Controllers\DepartamentosController.php(20): view('departamentos', [...])
 6 SYSTEMPATH\CodeIgniter.php(974): App\Controllers\DepartamentosController->index()
 7 SYSTEMPATH\CodeIgniter.php(520): CodeIgniter\CodeIgniter->runController(Object(App\Controllers\DepartamentosController))
 8 SYSTEMPATH\CodeIgniter.php(363): CodeIgniter\CodeIgniter->handleRequest(null, Object(Config\Cache), false)
 9 SYSTEMPATH\Boot.php(417): CodeIgniter\CodeIgniter->run()
10 SYSTEMPATH\Boot.php(68): CodeIgniter\Boot::runCodeIgniter(Object(CodeIgniter\CodeIgniter))
11 FCPATH\index.php(59): CodeIgniter\Boot::bootWeb(Object(Config\Paths))
CRITICAL - 2026-09-28 03:16:48 --> ErrorException: Undefined array key "id"
[Method: GET, Route: departamentos]
in APPPATH\Views\departamentos.php on line 24.
 1 APPPATH\Views\departamentos.php(24): CodeIgniter\Debug\Exceptions->errorHandler(2, 'Undefined array key "id"', 'C:\\xampp\\htdocs\\ci4_ciudadanos\\app\\Views\\departamentos.php', 24)
 2 SYSTEMPATH\View\View.php(240): include('C:\\xampp\\htdocs\\ci4_ciudadanos\\app\\Views\\departamentos.php')
 3 SYSTEMPATH\View\View.php(243): CodeIgniter\View\View->CodeIgniter\View\{closure}()
 4 SYSTEMPATH\Common.php(1268): CodeIgniter\View\View->render('departamentos', [], true)
 5 APPPATH\Controllers\DepartamentosController.php(20): view('departamentos', [...])
 6 SYSTEMPATH\CodeIgniter.php(974): App\Controllers\DepartamentosController->index()
 7 SYSTEMPATH\CodeIgniter.php(520): CodeIgniter\CodeIgniter->runController(Object(App\Controllers\DepartamentosController))
 8 SYSTEMPATH\CodeIgniter.php(363): CodeIgniter\CodeIgniter->handleRequest(null, Object(Config\Cache), false)
 9 SYSTEMPATH\Boot.php(417): CodeIgniter\CodeIgniter->run()
10 SYSTEMPATH\Boot.php(68): CodeIgniter\Boot::runCodeIgniter(Object(CodeIgniter\CodeIgniter))
11 FCPATH\index.php(59): CodeIgniter\Boot::bootWeb(Object(Config\Paths))
CRITICAL - 2026-09-28 03:18:12 --> ErrorException: Undefined array key "id"
[Method: GET, Route: departamentos]
in APPPATH\Views\departamentos.php on line 24.
 1 APPPATH\Views\departamentos.php(24): CodeIgniter\Debug\Exceptions->errorHandler(2, 'Undefined array key "id"', 'C:\\xampp\\htdocs\\ci4_ciudadanos\\app\\Views\\departamentos.php', 24)
 2 SYSTEMPATH\View\View.php(240): include('C:\\xampp\\htdocs\\ci4_ciudadanos\\app\\Views\\departamentos.php')
 3 SYSTEMPATH\View\View.php(243): CodeIgniter\View\View->CodeIgniter\View\{closure}()
 4 SYSTEMPATH\Common.php(1268): CodeIgniter\View\View->render('departamentos', [], true)
 5 APPPATH\Controllers\DepartamentosController.php(20): view('departamentos', [...])
 6 SYSTEMPATH\CodeIgniter.php(974): App\Controllers\DepartamentosController->index()
 7 SYSTEMPATH\CodeIgniter.php(520): CodeIgniter\CodeIgniter->runController(Object(App\Controllers\DepartamentosController))
 8 SYSTEMPATH\CodeIgniter.php(363): CodeIgniter\CodeIgniter->handleRequest(null, Object(Config\Cache), false)
 9 SYSTEMPATH\Boot.php(417): CodeIgniter\CodeIgniter->run()
10 SYSTEMPATH\Boot.php(68): CodeIgniter\Boot::runCodeIgniter(Object(CodeIgniter\CodeIgniter))
11 FCPATH\index.php(59): CodeIgniter\Boot::bootWeb(Object(Config\Paths))
CRITICAL - 2026-09-28 03:18:14 --> ErrorException: Undefined array key "id"
[Method: GET, Route: departamentos]
in APPPATH\Views\departamentos.php on line 24.
 1 APPPATH\Views\departamentos.php(24): CodeIgniter\Debug\Exceptions->errorHandler(2, 'Undefined array key "id"', 'C:\\xampp\\htdocs\\ci4_ciudadanos\\app\\Views\\departamentos.php', 24)
 2 SYSTEMPATH\View\View.php(240): include('C:\\xampp\\htdocs\\ci4_ciudadanos\\app\\Views\\departamentos.php')
 3 SYSTEMPATH\View\View.php(243): CodeIgniter\View\View->CodeIgniter\View\{closure}()
 4 SYSTEMPATH\Common.php(1268): CodeIgniter\View\View->render('departamentos', [], true)
 5 APPPATH\Controllers\DepartamentosController.php(20): view('departamentos', [...])
 6 SYSTEMPATH\CodeIgniter.php(974): App\Controllers\DepartamentosController->index()
 7 SYSTEMPATH\CodeIgniter.php(520): CodeIgniter\CodeIgniter->runController(Object(App\Controllers\DepartamentosController))
 8 SYSTEMPATH\CodeIgniter.php(363): CodeIgniter\CodeIgniter->handleRequest(null, Object(Config\Cache), false)
 9 SYSTEMPATH\Boot.php(417): CodeIgniter\CodeIgniter->run()
10 SYSTEMPATH\Boot.php(68): CodeIgniter\Boot::runCodeIgniter(Object(CodeIgniter\CodeIgniter))
11 FCPATH\index.php(59): CodeIgniter\Boot::bootWeb(Object(Config\Paths))
CRITICAL - 2026-09-28 03:18:39 --> ErrorException: Undefined array key "id"
[Method: GET, Route: departamentos]
in APPPATH\Views\departamentos.php on line 24.
 1 APPPATH\Views\departamentos.php(24): CodeIgniter\Debug\Exceptions->errorHandler(2, 'Undefined array key "id"', 'C:\\xampp\\htdocs\\ci4_ciudadanos\\app\\Views\\departamentos.php', 24)
 2 SYSTEMPATH\View\View.php(240): include('C:\\xampp\\htdocs\\ci4_ciudadanos\\app\\Views\\departamentos.php')
 3 SYSTEMPATH\View\View.php(243): CodeIgniter\View\View->CodeIgniter\View\{closure}()
 4 SYSTEMPATH\Common.php(1268): CodeIgniter\View\View->render('departamentos', [], true)
 5 APPPATH\Controllers\DepartamentosController.php(20): view('departamentos', [...])
 6 SYSTEMPATH\CodeIgniter.php(974): App\Controllers\DepartamentosController->index()
 7 SYSTEMPATH\CodeIgniter.php(520): CodeIgniter\CodeIgniter->runController(Object(App\Controllers\DepartamentosController))
 8 SYSTEMPATH\CodeIgniter.php(363): CodeIgniter\CodeIgniter->handleRequest(null, Object(Config\Cache), false)
 9 SYSTEMPATH\Boot.php(417): CodeIgniter\CodeIgniter->run()
10 SYSTEMPATH\Boot.php(68): CodeIgniter\Boot::runCodeIgniter(Object(CodeIgniter\CodeIgniter))
11 FCPATH\index.php(59): CodeIgniter\Boot::bootWeb(Object(Config\Paths))
CRITICAL - 2026-09-28 03:24:08 --> ErrorException: Undefined array key "nombre"
[Method: GET, Route: departamentos]
in APPPATH\Views\departamentos.php on line 25.
 1 APPPATH\Views\departamentos.php(25): CodeIgniter\Debug\Exceptions->errorHandler(2, 'Undefined array key "nombre"', 'C:\\xampp\\htdocs\\ci4_ciudadanos\\app\\Views\\departamentos.php', 25)
 2 SYSTEMPATH\View\View.php(240): include('C:\\xampp\\htdocs\\ci4_ciudadanos\\app\\Views\\departamentos.php')
 3 SYSTEMPATH\View\View.php(243): CodeIgniter\View\View->CodeIgniter\View\{closure}()
 4 SYSTEMPATH\Common.php(1268): CodeIgniter\View\View->render('departamentos', [], true)
 5 APPPATH\Controllers\DepartamentosController.php(20): view('departamentos', [...])
 6 SYSTEMPATH\CodeIgniter.php(974): App\Controllers\DepartamentosController->index()
 7 SYSTEMPATH\CodeIgniter.php(520): CodeIgniter\CodeIgniter->runController(Object(App\Controllers\DepartamentosController))
 8 SYSTEMPATH\CodeIgniter.php(363): CodeIgniter\CodeIgniter->handleRequest(null, Object(Config\Cache), false)
 9 SYSTEMPATH\Boot.php(417): CodeIgniter\CodeIgniter->run()
10 SYSTEMPATH\Boot.php(68): CodeIgniter\Boot::runCodeIgniter(Object(CodeIgniter\CodeIgniter))
11 FCPATH\index.php(59): CodeIgniter\Boot::bootWeb(Object(Config\Paths))
ERROR - 2026-09-28 03:31:52 --> Unknown column 'nombre' in 'field list'
in SYSTEMPATH\Database\MySQLi\Connection.php on line 300.
 1 SYSTEMPATH\Database\MySQLi\Connection.php(300): mysqli->query('INSERT INTO `departamentos` (`nombre`, `region_id`)
VALUES (\'Departamento A\',1), (\'Departamento B\',2), (\'Departamento C\',1)', 0)
 2 SYSTEMPATH\Database\BaseConnection.php(908): CodeIgniter\Database\MySQLi\Connection->execute('INSERT INTO `departamentos` (`nombre`, `region_id`)
VALUES (\'Departamento A\',1), (\'Departamento B\',2), (\'Departamento C\',1)')
 3 SYSTEMPATH\Database\BaseConnection.php(825): CodeIgniter\Database\BaseConnection->simpleQuery('INSERT INTO `departamentos` (`nombre`, `region_id`)
VALUES (\'Departamento A\',1), (\'Departamento B\',2), (\'Departamento C\',1)')
 4 SYSTEMPATH\Database\BaseBuilder.php(1851): CodeIgniter\Database\BaseConnection->query('INSERT INTO `departamentos` (`nombre`, `region_id`)
VALUES (\'Departamento A\',1), (\'Departamento B\',2), (\'Departamento C\',1)', null, false)
 5 SYSTEMPATH\Database\BaseBuilder.php(2240): CodeIgniter\Database\BaseBuilder->batchExecute('_insertBatch', 100)
 6 APPPATH\Database\Seeds\DepartamentoSeeder.php(16): CodeIgniter\Database\BaseBuilder->insertBatch([...])
 7 SYSTEMPATH\Database\Seeder.php(155): App\Database\Seeds\DepartamentoSeeder->run()
 8 SYSTEMPATH\Commands\Database\Seed.php(79): CodeIgniter\Database\Seeder->call('App\\Database\\Seeds\\DepartamentoSeeder')
 9 SYSTEMPATH\CLI\Commands.php(72): CodeIgniter\Commands\Database\Seed->run([])
10 SYSTEMPATH\CLI\Console.php(47): CodeIgniter\CLI\Commands->run('db:seed', [...])
11 SYSTEMPATH\Boot.php(444): CodeIgniter\CLI\Console->run()
12 SYSTEMPATH\Boot.php(166): CodeIgniter\Boot::runCommand(Object(CodeIgniter\CLI\Console))
13 ROOTPATH\spark(87): CodeIgniter\Boot::bootSpark(Object(Config\Paths))
ERROR - 2026-09-28 03:32:33 --> Unknown column 'nombre' in 'field list'
in SYSTEMPATH\Database\MySQLi\Connection.php on line 300.
 1 SYSTEMPATH\Database\MySQLi\Connection.php(300): mysqli->query('INSERT INTO `departamentos` (`nombre`, `region_id`)
VALUES (\'Departamento A\',1), (\'Departamento B\',2), (\'Departamento C\',1)', 0)
 2 SYSTEMPATH\Database\BaseConnection.php(908): CodeIgniter\Database\MySQLi\Connection->execute('INSERT INTO `departamentos` (`nombre`, `region_id`)
VALUES (\'Departamento A\',1), (\'Departamento B\',2), (\'Departamento C\',1)')
 3 SYSTEMPATH\Database\BaseConnection.php(825): CodeIgniter\Database\BaseConnection->simpleQuery('INSERT INTO `departamentos` (`nombre`, `region_id`)
VALUES (\'Departamento A\',1), (\'Departamento B\',2), (\'Departamento C\',1)')
 4 SYSTEMPATH\Database\BaseBuilder.php(1851): CodeIgniter\Database\BaseConnection->query('INSERT INTO `departamentos` (`nombre`, `region_id`)
VALUES (\'Departamento A\',1), (\'Departamento B\',2), (\'Departamento C\',1)', null, false)
 5 SYSTEMPATH\Database\BaseBuilder.php(2240): CodeIgniter\Database\BaseBuilder->batchExecute('_insertBatch', 100)
 6 APPPATH\Database\Seeds\DepartamentoSeeder.php(16): CodeIgniter\Database\BaseBuilder->insertBatch([...])
 7 SYSTEMPATH\Database\Seeder.php(155): App\Database\Seeds\DepartamentoSeeder->run()
 8 SYSTEMPATH\Commands\Database\Seed.php(79): CodeIgniter\Database\Seeder->call('App\\Database\\Seeds\\DepartamentoSeeder')
 9 SYSTEMPATH\CLI\Commands.php(72): CodeIgniter\Commands\Database\Seed->run([])
10 SYSTEMPATH\CLI\Console.php(47): CodeIgniter\CLI\Commands->run('db:seed', [...])
11 SYSTEMPATH\Boot.php(444): CodeIgniter\CLI\Console->run()
12 SYSTEMPATH\Boot.php(166): CodeIgniter\Boot::runCommand(Object(CodeIgniter\CLI\Console))
13 ROOTPATH\spark(87): CodeIgniter\Boot::bootSpark(Object(Config\Paths))
ERROR - 2026-09-28 03:36:49 --> Unknown column 'created_at' in 'field list'
in SYSTEMPATH\Database\MySQLi\Connection.php on line 300.
 1 SYSTEMPATH\Database\MySQLi\Connection.php(300): mysqli->query('INSERT INTO `departamentos` (`nombre_depto`, `cod_region`, `created_at`, `updated_at`) VALUES (\'Gta\', \'44\', \'2026-09-28 03:36:49\', \'2026-09-28 03:36:49\')', 0)
 2 SYSTEMPATH\Database\BaseConnection.php(908): CodeIgniter\Database\MySQLi\Connection->execute('INSERT INTO `departamentos` (`nombre_depto`, `cod_region`, `created_at`, `updated_at`) VALUES (\'Gta\', \'44\', \'2026-09-28 03:36:49\', \'2026-09-28 03:36:49\')')
 3 SYSTEMPATH\Database\BaseConnection.php(825): CodeIgniter\Database\BaseConnection->simpleQuery('INSERT INTO `departamentos` (`nombre_depto`, `cod_region`, `created_at`, `updated_at`) VALUES (\'Gta\', \'44\', \'2026-09-28 03:36:49\', \'2026-09-28 03:36:49\')')
 4 SYSTEMPATH\Database\BaseBuilder.php(2355): CodeIgniter\Database\BaseConnection->query('INSERT INTO `departamentos` (`nombre_depto`, `cod_region`, `created_at`, `updated_at`) VALUES (:nombre_depto:, :cod_region:, :created_at:, :updated_at:)', [...], false)
 5 SYSTEMPATH\Model.php(357): CodeIgniter\Database\BaseBuilder->insert()
 6 SYSTEMPATH\BaseModel.php(899): CodeIgniter\Model->doInsert([...])
 7 SYSTEMPATH\Model.php(670): CodeIgniter\BaseModel->insert([...], true)
 8 APPPATH\Controllers\DepartamentosController.php(31): CodeIgniter\Model->insert([...])
 9 SYSTEMPATH\CodeIgniter.php(974): App\Controllers\DepartamentosController->store()
10 SYSTEMPATH\CodeIgniter.php(520): CodeIgniter\CodeIgniter->runController(Object(App\Controllers\DepartamentosController))
11 SYSTEMPATH\CodeIgniter.php(363): CodeIgniter\CodeIgniter->handleRequest(null, Object(Config\Cache), false)
12 SYSTEMPATH\Boot.php(417): CodeIgniter\CodeIgniter->run()
13 SYSTEMPATH\Boot.php(68): CodeIgniter\Boot::runCodeIgniter(Object(CodeIgniter\CodeIgniter))
14 FCPATH\index.php(59): CodeIgniter\Boot::bootWeb(Object(Config\Paths))
CRITICAL - 2026-09-28 03:36:49 --> CodeIgniter\Database\Exceptions\DatabaseException: Unknown column 'created_at' in 'field list'
[Method: POST, Route: departamentos/store]
in SYSTEMPATH\Database\BaseConnection.php on line 863.
 1 SYSTEMPATH\Database\BaseBuilder.php(2355): CodeIgniter\Database\BaseConnection->query('INSERT INTO `departamentos` (`nombre_depto`, `cod_region`, `created_at`, `updated_at`) VALUES (:nombre_depto:, :cod_region:, :created_at:, :updated_at:)', [...], false)
 2 SYSTEMPATH\Model.php(357): CodeIgniter\Database\BaseBuilder->insert()
 3 SYSTEMPATH\BaseModel.php(899): CodeIgniter\Model->doInsert([...])
 4 SYSTEMPATH\Model.php(670): CodeIgniter\BaseModel->insert([...], true)
 5 APPPATH\Controllers\DepartamentosController.php(31): CodeIgniter\Model->insert([...])
 6 SYSTEMPATH\CodeIgniter.php(974): App\Controllers\DepartamentosController->store()
 7 SYSTEMPATH\CodeIgniter.php(520): CodeIgniter\CodeIgniter->runController(Object(App\Controllers\DepartamentosController))
 8 SYSTEMPATH\CodeIgniter.php(363): CodeIgniter\CodeIgniter->handleRequest(null, Object(Config\Cache), false)
 9 SYSTEMPATH\Boot.php(417): CodeIgniter\CodeIgniter->run()
10 SYSTEMPATH\Boot.php(68): CodeIgniter\Boot::runCodeIgniter(Object(CodeIgniter\CodeIgniter))
11 FCPATH\index.php(59): CodeIgniter\Boot::bootWeb(Object(Config\Paths))
CRITICAL - 2026-09-28 03:36:49 --> [Caused by] CodeIgniter\Database\Exceptions\DatabaseException: Unknown column 'created_at' in 'field list'
in SYSTEMPATH\Database\MySQLi\Connection.php on line 310.
 1 SYSTEMPATH\Database\BaseConnection.php(908): CodeIgniter\Database\MySQLi\Connection->execute('INSERT INTO `departamentos` (`nombre_depto`, `cod_region`, `created_at`, `updated_at`) VALUES (\'Gta\', \'44\', \'2026-09-28 03:36:49\', \'2026-09-28 03:36:49\')')
 2 SYSTEMPATH\Database\BaseConnection.php(825): CodeIgniter\Database\BaseConnection->simpleQuery('INSERT INTO `departamentos` (`nombre_depto`, `cod_region`, `created_at`, `updated_at`) VALUES (\'Gta\', \'44\', \'2026-09-28 03:36:49\', \'2026-09-28 03:36:49\')')
 3 SYSTEMPATH\Database\BaseBuilder.php(2355): CodeIgniter\Database\BaseConnection->query('INSERT INTO `departamentos` (`nombre_depto`, `cod_region`, `created_at`, `updated_at`) VALUES (:nombre_depto:, :cod_region:, :created_at:, :updated_at:)', [...], false)
 4 SYSTEMPATH\Model.php(357): CodeIgniter\Database\BaseBuilder->insert()
 5 SYSTEMPATH\BaseModel.php(899): CodeIgniter\Model->doInsert([...])
 6 SYSTEMPATH\Model.php(670): CodeIgniter\BaseModel->insert([...], true)
 7 APPPATH\Controllers\DepartamentosController.php(31): CodeIgniter\Model->insert([...])
 8 SYSTEMPATH\CodeIgniter.php(974): App\Controllers\DepartamentosController->store()
 9 SYSTEMPATH\CodeIgniter.php(520): CodeIgniter\CodeIgniter->runController(Object(App\Controllers\DepartamentosController))
10 SYSTEMPATH\CodeIgniter.php(363): CodeIgniter\CodeIgniter->handleRequest(null, Object(Config\Cache), false)
11 SYSTEMPATH\Boot.php(417): CodeIgniter\CodeIgniter->run()
12 SYSTEMPATH\Boot.php(68): CodeIgniter\Boot::runCodeIgniter(Object(CodeIgniter\CodeIgniter))
13 FCPATH\index.php(59): CodeIgniter\Boot::bootWeb(Object(Config\Paths))
CRITICAL - 2026-09-28 03:36:49 --> [Caused by] mysqli_sql_exception: Unknown column 'created_at' in 'field list'
in SYSTEMPATH\Database\MySQLi\Connection.php on line 300.
 1 SYSTEMPATH\Database\MySQLi\Connection.php(300): mysqli->query('INSERT INTO `departamentos` (`nombre_depto`, `cod_region`, `created_at`, `updated_at`) VALUES (\'Gta\', \'44\', \'2026-09-28 03:36:49\', \'2026-09-28 03:36:49\')', 0)
 2 SYSTEMPATH\Database\BaseConnection.php(908): CodeIgniter\Database\MySQLi\Connection->execute('INSERT INTO `departamentos` (`nombre_depto`, `cod_region`, `created_at`, `updated_at`) VALUES (\'Gta\', \'44\', \'2026-09-28 03:36:49\', \'2026-09-28 03:36:49\')')
 3 SYSTEMPATH\Database\BaseConnection.php(825): CodeIgniter\Database\BaseConnection->simpleQuery('INSERT INTO `departamentos` (`nombre_depto`, `cod_region`, `created_at`, `updated_at`) VALUES (\'Gta\', \'44\', \'2026-09-28 03:36:49\', \'2026-09-28 03:36:49\')')
 4 SYSTEMPATH\Database\BaseBuilder.php(2355): CodeIgniter\Database\BaseConnection->query('INSERT INTO `departamentos` (`nombre_depto`, `cod_region`, `created_at`, `updated_at`) VALUES (:nombre_depto:, :cod_region:, :created_at:, :updated_at:)', [...], false)
 5 SYSTEMPATH\Model.php(357): CodeIgniter\Database\BaseBuilder->insert()
 6 SYSTEMPATH\BaseModel.php(899): CodeIgniter\Model->doInsert([...])
 7 SYSTEMPATH\Model.php(670): CodeIgniter\BaseModel->insert([...], true)
 8 APPPATH\Controllers\DepartamentosController.php(31): CodeIgniter\Model->insert([...])
 9 SYSTEMPATH\CodeIgniter.php(974): App\Controllers\DepartamentosController->store()
10 SYSTEMPATH\CodeIgniter.php(520): CodeIgniter\CodeIgniter->runController(Object(App\Controllers\DepartamentosController))
11 SYSTEMPATH\CodeIgniter.php(363): CodeIgniter\CodeIgniter->handleRequest(null, Object(Config\Cache), false)
12 SYSTEMPATH\Boot.php(417): CodeIgniter\CodeIgniter->run()
13 SYSTEMPATH\Boot.php(68): CodeIgniter\Boot::runCodeIgniter(Object(CodeIgniter\CodeIgniter))
14 FCPATH\index.php(59): CodeIgniter\Boot::bootWeb(Object(Config\Paths))
ERROR - 2026-09-28 05:26:45 --> Cannot add or update a child row: a foreign key constraint fails (`bd_ciudadanos`.`ciudadanos`, CONSTRAINT `ciudadanos_ibfk_3` FOREIGN KEY (`cod_muni`) REFERENCES `municipios` (`cod_muni`) ON DELETE CASCADE ON UPDATE CASCADE)
in SYSTEMPATH\Database\MySQLi\Connection.php on line 300.
 1 SYSTEMPATH\Database\MySQLi\Connection.php(300): mysqli->query('INSERT INTO `ciudadanos` (`dpi`, `nombre`, `apellido`, `email`, `direccion`, `tel_casa`, `tel_movil`, `fechanac`, `cod_nivel_acad`, `cod_muni`, `contra`) VALUES (\'324\', \'sdfaf\', \'adfdsfs\', \'dani@gmail.com\', \'dfsdfsdfsd\', \'54444554\', \'\', \'2002-09-09\', \'3\', \'2\', \'123456\')', 0)
 2 SYSTEMPATH\Database\BaseConnection.php(908): CodeIgniter\Database\MySQLi\Connection->execute('INSERT INTO `ciudadanos` (`dpi`, `nombre`, `apellido`, `email`, `direccion`, `tel_casa`, `tel_movil`, `fechanac`, `cod_nivel_acad`, `cod_muni`, `contra`) VALUES (\'324\', \'sdfaf\', \'adfdsfs\', \'dani@gmail.com\', \'dfsdfsdfsd\', \'54444554\', \'\', \'2002-09-09\', \'3\', \'2\', \'123456\')')
 3 SYSTEMPATH\Database\BaseConnection.php(825): CodeIgniter\Database\BaseConnection->simpleQuery('INSERT INTO `ciudadanos` (`dpi`, `nombre`, `apellido`, `email`, `direccion`, `tel_casa`, `tel_movil`, `fechanac`, `cod_nivel_acad`, `cod_muni`, `contra`) VALUES (\'324\', \'sdfaf\', \'adfdsfs\', \'dani@gmail.com\', \'dfsdfsdfsd\', \'54444554\', \'\', \'2002-09-09\', \'3\', \'2\', \'123456\')')
 4 SYSTEMPATH\Database\BaseBuilder.php(2355): CodeIgniter\Database\BaseConnection->query('INSERT INTO `ciudadanos` (`dpi`, `nombre`, `apellido`, `email`, `direccion`, `tel_casa`, `tel_movil`, `fechanac`, `cod_nivel_acad`, `cod_muni`, `contra`) VALUES (:dpi:, :nombre:, :apellido:, :email:, :direccion:, :tel_casa:, :tel_movil:, :fechanac:, :cod_nivel_acad:, :cod_muni:, :contra:)', [...], false)
 5 SYSTEMPATH\Model.php(357): CodeIgniter\Database\BaseBuilder->insert()
 6 SYSTEMPATH\BaseModel.php(899): CodeIgniter\Model->doInsert([...])
 7 SYSTEMPATH\Model.php(670): CodeIgniter\BaseModel->insert([...], true)
 8 APPPATH\Controllers\CiudadanosController.php(43): CodeIgniter\Model->insert([...])
 9 SYSTEMPATH\CodeIgniter.php(974): App\Controllers\CiudadanosController->store()
10 SYSTEMPATH\CodeIgniter.php(520): CodeIgniter\CodeIgniter->runController(Object(App\Controllers\CiudadanosController))
11 SYSTEMPATH\CodeIgniter.php(363): CodeIgniter\CodeIgniter->handleRequest(null, Object(Config\Cache), false)
12 SYSTEMPATH\Boot.php(417): CodeIgniter\CodeIgniter->run()
13 SYSTEMPATH\Boot.php(68): CodeIgniter\Boot::runCodeIgniter(Object(CodeIgniter\CodeIgniter))
14 FCPATH\index.php(59): CodeIgniter\Boot::bootWeb(Object(Config\Paths))
CRITICAL - 2026-09-28 05:26:45 --> CodeIgniter\Database\Exceptions\DatabaseException: Cannot add or update a child row: a foreign key constraint fails (`bd_ciudadanos`.`ciudadanos`, CONSTRAINT `ciudadanos_ibfk_3` FOREIGN KEY (`cod_muni`) REFERENCES `municipios` (`cod_muni`) ON DELETE CASCADE ON UPDATE CASCADE)
[Method: POST, Route: ciudadanos/store]
in SYSTEMPATH\Database\BaseConnection.php on line 863.
 1 SYSTEMPATH\Database\BaseBuilder.php(2355): CodeIgniter\Database\BaseConnection->query('INSERT INTO `ciudadanos` (`dpi`, `nombre`, `apellido`, `email`, `direccion`, `tel_casa`, `tel_movil`, `fechanac`, `cod_nivel_acad`, `cod_muni`, `contra`) VALUES (:dpi:, :nombre:, :apellido:, :email:, :direccion:, :tel_casa:, :tel_movil:, :fechanac:, :cod_nivel_acad:, :cod_muni:, :contra:)', [...], false)
 2 SYSTEMPATH\Model.php(357): CodeIgniter\Database\BaseBuilder->insert()
 3 SYSTEMPATH\BaseModel.php(899): CodeIgniter\Model->doInsert([...])
 4 SYSTEMPATH\Model.php(670): CodeIgniter\BaseModel->insert([...], true)
 5 APPPATH\Controllers\CiudadanosController.php(43): CodeIgniter\Model->insert([...])
 6 SYSTEMPATH\CodeIgniter.php(974): App\Controllers\CiudadanosController->store()
 7 SYSTEMPATH\CodeIgniter.php(520): CodeIgniter\CodeIgniter->runController(Object(App\Controllers\CiudadanosController))
 8 SYSTEMPATH\CodeIgniter.php(363): CodeIgniter\CodeIgniter->handleRequest(null, Object(Config\Cache), false)
 9 SYSTEMPATH\Boot.php(417): CodeIgniter\CodeIgniter->run()
10 SYSTEMPATH\Boot.php(68): CodeIgniter\Boot::runCodeIgniter(Object(CodeIgniter\CodeIgniter))
11 FCPATH\index.php(59): CodeIgniter\Boot::bootWeb(Object(Config\Paths))
CRITICAL - 2026-09-28 05:26:45 --> [Caused by] CodeIgniter\Database\Exceptions\DatabaseException: Cannot add or update a child row: a foreign key constraint fails (`bd_ciudadanos`.`ciudadanos`, CONSTRAINT `ciudadanos_ibfk_3` FOREIGN KEY (`cod_muni`) REFERENCES `municipios` (`cod_muni`) ON DELETE CASCADE ON UPDATE CASCADE)
in SYSTEMPATH\Database\MySQLi\Connection.php on line 310.
 1 SYSTEMPATH\Database\BaseConnection.php(908): CodeIgniter\Database\MySQLi\Connection->execute('INSERT INTO `ciudadanos` (`dpi`, `nombre`, `apellido`, `email`, `direccion`, `tel_casa`, `tel_movil`, `fechanac`, `cod_nivel_acad`, `cod_muni`, `contra`) VALUES (\'324\', \'sdfaf\', \'adfdsfs\', \'dani@gmail.com\', \'dfsdfsdfsd\', \'54444554\', \'\', \'2002-09-09\', \'3\', \'2\', \'123456\')')
 2 SYSTEMPATH\Database\BaseConnection.php(825): CodeIgniter\Database\BaseConnection->simpleQuery('INSERT INTO `ciudadanos` (`dpi`, `nombre`, `apellido`, `email`, `direccion`, `tel_casa`, `tel_movil`, `fechanac`, `cod_nivel_acad`, `cod_muni`, `contra`) VALUES (\'324\', \'sdfaf\', \'adfdsfs\', \'dani@gmail.com\', \'dfsdfsdfsd\', \'54444554\', \'\', \'2002-09-09\', \'3\', \'2\', \'123456\')')
 3 SYSTEMPATH\Database\BaseBuilder.php(2355): CodeIgniter\Database\BaseConnection->query('INSERT INTO `ciudadanos` (`dpi`, `nombre`, `apellido`, `email`, `direccion`, `tel_casa`, `tel_movil`, `fechanac`, `cod_nivel_acad`, `cod_muni`, `contra`) VALUES (:dpi:, :nombre:, :apellido:, :email:, :direccion:, :tel_casa:, :tel_movil:, :fechanac:, :cod_nivel_acad:, :cod_muni:, :contra:)', [...], false)
 4 SYSTEMPATH\Model.php(357): CodeIgniter\Database\BaseBuilder->insert()
 5 SYSTEMPATH\BaseModel.php(899): CodeIgniter\Model->doInsert([...])
 6 SYSTEMPATH\Model.php(670): CodeIgniter\BaseModel->insert([...], true)
 7 APPPATH\Controllers\CiudadanosController.php(43): CodeIgniter\Model->insert([...])
 8 SYSTEMPATH\CodeIgniter.php(974): App\Controllers\CiudadanosController->store()
 9 SYSTEMPATH\CodeIgniter.php(520): CodeIgniter\CodeIgniter->runController(Object(App\Controllers\CiudadanosController))
10 SYSTEMPATH\CodeIgniter.php(363): CodeIgniter\CodeIgniter->handleRequest(null, Object(Config\Cache), false)
11 SYSTEMPATH\Boot.php(417): CodeIgniter\CodeIgniter->run()
12 SYSTEMPATH\Boot.php(68): CodeIgniter\Boot::runCodeIgniter(Object(CodeIgniter\CodeIgniter))
13 FCPATH\index.php(59): CodeIgniter\Boot::bootWeb(Object(Config\Paths))
CRITICAL - 2026-09-28 05:26:45 --> [Caused by] mysqli_sql_exception: Cannot add or update a child row: a foreign key constraint fails (`bd_ciudadanos`.`ciudadanos`, CONSTRAINT `ciudadanos_ibfk_3` FOREIGN KEY (`cod_muni`) REFERENCES `municipios` (`cod_muni`) ON DELETE CASCADE ON UPDATE CASCADE)
in SYSTEMPATH\Database\MySQLi\Connection.php on line 300.
 1 SYSTEMPATH\Database\MySQLi\Connection.php(300): mysqli->query('INSERT INTO `ciudadanos` (`dpi`, `nombre`, `apellido`, `email`, `direccion`, `tel_casa`, `tel_movil`, `fechanac`, `cod_nivel_acad`, `cod_muni`, `contra`) VALUES (\'324\', \'sdfaf\', \'adfdsfs\', \'dani@gmail.com\', \'dfsdfsdfsd\', \'54444554\', \'\', \'2002-09-09\', \'3\', \'2\', \'123456\')', 0)
 2 SYSTEMPATH\Database\BaseConnection.php(908): CodeIgniter\Database\MySQLi\Connection->execute('INSERT INTO `ciudadanos` (`dpi`, `nombre`, `apellido`, `email`, `direccion`, `tel_casa`, `tel_movil`, `fechanac`, `cod_nivel_acad`, `cod_muni`, `contra`) VALUES (\'324\', \'sdfaf\', \'adfdsfs\', \'dani@gmail.com\', \'dfsdfsdfsd\', \'54444554\', \'\', \'2002-09-09\', \'3\', \'2\', \'123456\')')
 3 SYSTEMPATH\Database\BaseConnection.php(825): CodeIgniter\Database\BaseConnection->simpleQuery('INSERT INTO `ciudadanos` (`dpi`, `nombre`, `apellido`, `email`, `direccion`, `tel_casa`, `tel_movil`, `fechanac`, `cod_nivel_acad`, `cod_muni`, `contra`) VALUES (\'324\', \'sdfaf\', \'adfdsfs\', \'dani@gmail.com\', \'dfsdfsdfsd\', \'54444554\', \'\', \'2002-09-09\', \'3\', \'2\', \'123456\')')
 4 SYSTEMPATH\Database\BaseBuilder.php(2355): CodeIgniter\Database\BaseConnection->query('INSERT INTO `ciudadanos` (`dpi`, `nombre`, `apellido`, `email`, `direccion`, `tel_casa`, `tel_movil`, `fechanac`, `cod_nivel_acad`, `cod_muni`, `contra`) VALUES (:dpi:, :nombre:, :apellido:, :email:, :direccion:, :tel_casa:, :tel_movil:, :fechanac:, :cod_nivel_acad:, :cod_muni:, :contra:)', [...], false)
 5 SYSTEMPATH\Model.php(357): CodeIgniter\Database\BaseBuilder->insert()
 6 SYSTEMPATH\BaseModel.php(899): CodeIgniter\Model->doInsert([...])
 7 SYSTEMPATH\Model.php(670): CodeIgniter\BaseModel->insert([...], true)
 8 APPPATH\Controllers\CiudadanosController.php(43): CodeIgniter\Model->insert([...])
 9 SYSTEMPATH\CodeIgniter.php(974): App\Controllers\CiudadanosController->store()
10 SYSTEMPATH\CodeIgniter.php(520): CodeIgniter\CodeIgniter->runController(Object(App\Controllers\CiudadanosController))
11 SYSTEMPATH\CodeIgniter.php(363): CodeIgniter\CodeIgniter->handleRequest(null, Object(Config\Cache), false)
12 SYSTEMPATH\Boot.php(417): CodeIgniter\CodeIgniter->run()
13 SYSTEMPATH\Boot.php(68): CodeIgniter\Boot::runCodeIgniter(Object(CodeIgniter\CodeIgniter))
14 FCPATH\index.php(59): CodeIgniter\Boot::bootWeb(Object(Config\Paths))
